Archive member included to satisfy reference by file (symbol)

c:/st/stm32cubeide_1.0.2/stm32cubeide/plugins/com.st.stm32cube.ide.mcu.externaltools.gnu-tools-for-stm32.7-2018-q2-update.win32_1.0.0.201904181610/tools/bin/../lib/gcc/arm-none-eabi/7.3.1/../../../../arm-none-eabi/lib/thumb/v7-m\libc_nano.a(lib_a-exit.o)
                              c:/st/stm32cubeide_1.0.2/stm32cubeide/plugins/com.st.stm32cube.ide.mcu.externaltools.gnu-tools-for-stm32.7-2018-q2-update.win32_1.0.0.201904181610/tools/bin/../lib/gcc/arm-none-eabi/7.3.1/../../../../arm-none-eabi/lib/thumb/v7-m/crt0.o (exit)
c:/st/stm32cubeide_1.0.2/stm32cubeide/plugins/com.st.stm32cube.ide.mcu.externaltools.gnu-tools-for-stm32.7-2018-q2-update.win32_1.0.0.201904181610/tools/bin/../lib/gcc/arm-none-eabi/7.3.1/../../../../arm-none-eabi/lib/thumb/v7-m\libc_nano.a(lib_a-impure.o)
                              c:/st/stm32cubeide_1.0.2/stm32cubeide/plugins/com.st.stm32cube.ide.mcu.externaltools.gnu-tools-for-stm32.7-2018-q2-update.win32_1.0.0.201904181610/tools/bin/../lib/gcc/arm-none-eabi/7.3.1/../../../../arm-none-eabi/lib/thumb/v7-m\libc_nano.a(lib_a-exit.o) (_global_impure_ptr)
c:/st/stm32cubeide_1.0.2/stm32cubeide/plugins/com.st.stm32cube.ide.mcu.externaltools.gnu-tools-for-stm32.7-2018-q2-update.win32_1.0.0.201904181610/tools/bin/../lib/gcc/arm-none-eabi/7.3.1/../../../../arm-none-eabi/lib/thumb/v7-m\libc_nano.a(lib_a-init.o)
                              c:/st/stm32cubeide_1.0.2/stm32cubeide/plugins/com.st.stm32cube.ide.mcu.externaltools.gnu-tools-for-stm32.7-2018-q2-update.win32_1.0.0.201904181610/tools/bin/../lib/gcc/arm-none-eabi/7.3.1/../../../../arm-none-eabi/lib/thumb/v7-m/crt0.o (__libc_init_array)
c:/st/stm32cubeide_1.0.2/stm32cubeide/plugins/com.st.stm32cube.ide.mcu.externaltools.gnu-tools-for-stm32.7-2018-q2-update.win32_1.0.0.201904181610/tools/bin/../lib/gcc/arm-none-eabi/7.3.1/../../../../arm-none-eabi/lib/thumb/v7-m\libc_nano.a(lib_a-memset.o)
                              c:/st/stm32cubeide_1.0.2/stm32cubeide/plugins/com.st.stm32cube.ide.mcu.externaltools.gnu-tools-for-stm32.7-2018-q2-update.win32_1.0.0.201904181610/tools/bin/../lib/gcc/arm-none-eabi/7.3.1/../../../../arm-none-eabi/lib/thumb/v7-m/crt0.o (memset)
c:/st/stm32cubeide_1.0.2/stm32cubeide/plugins/com.st.stm32cube.ide.mcu.externaltools.gnu-tools-for-stm32.7-2018-q2-update.win32_1.0.0.201904181610/tools/bin/../lib/gcc/arm-none-eabi/7.3.1/thumb/v7-m\libgcc.a(_lshrdi3.o)
                              Drivers/STM32F1xx_HAL_Driver/Src/stm32f1xx_hal_flash.o (__aeabi_llsr)
c:/st/stm32cubeide_1.0.2/stm32cubeide/plugins/com.st.stm32cube.ide.mcu.externaltools.gnu-tools-for-stm32.7-2018-q2-update.win32_1.0.0.201904181610/tools/bin/../lib/gcc/arm-none-eabi/7.3.1/../../../../arm-none-eabi/lib/thumb/v7-m\libnosys.a(_exit.o)
                              c:/st/stm32cubeide_1.0.2/stm32cubeide/plugins/com.st.stm32cube.ide.mcu.externaltools.gnu-tools-for-stm32.7-2018-q2-update.win32_1.0.0.201904181610/tools/bin/../lib/gcc/arm-none-eabi/7.3.1/../../../../arm-none-eabi/lib/thumb/v7-m\libc_nano.a(lib_a-exit.o) (_exit)

Allocating common symbols
Common symbol       size              file

hUsbDeviceFS        0x224             Src/usb_device.o
uwTick              0x4               Drivers/STM32F1xx_HAL_Driver/Src/stm32f1xx_hal.o
pFlash              0x20              Drivers/STM32F1xx_HAL_Driver/Src/stm32f1xx_hal_flash.o
UserRxBufferFS      0x3e8             Src/usbd_cdc_if.o
UserTxBufferFS      0x3e8             Src/usbd_cdc_if.o
hpcd_USB_FS         0x460             Src/usbd_conf.o
USBD_StrDesc        0x200             Src/usbd_desc.o

Discarded input sections

 .text          0x0000000000000000        0x0 c:/st/stm32cubeide_1.0.2/stm32cubeide/plugins/com.st.stm32cube.ide.mcu.externaltools.gnu-tools-for-stm32.7-2018-q2-update.win32_1.0.0.201904181610/tools/bin/../lib/gcc/arm-none-eabi/7.3.1/thumb/v7-m/crti.o
 .data          0x0000000000000000        0x0 c:/st/stm32cubeide_1.0.2/stm32cubeide/plugins/com.st.stm32cube.ide.mcu.externaltools.gnu-tools-for-stm32.7-2018-q2-update.win32_1.0.0.201904181610/tools/bin/../lib/gcc/arm-none-eabi/7.3.1/thumb/v7-m/crti.o
 .bss           0x0000000000000000        0x0 c:/st/stm32cubeide_1.0.2/stm32cubeide/plugins/com.st.stm32cube.ide.mcu.externaltools.gnu-tools-for-stm32.7-2018-q2-update.win32_1.0.0.201904181610/tools/bin/../lib/gcc/arm-none-eabi/7.3.1/thumb/v7-m/crti.o
 .data          0x0000000000000000        0x4 c:/st/stm32cubeide_1.0.2/stm32cubeide/plugins/com.st.stm32cube.ide.mcu.externaltools.gnu-tools-for-stm32.7-2018-q2-update.win32_1.0.0.201904181610/tools/bin/../lib/gcc/arm-none-eabi/7.3.1/thumb/v7-m/crtbegin.o
 .text          0x0000000000000000       0x74 c:/st/stm32cubeide_1.0.2/stm32cubeide/plugins/com.st.stm32cube.ide.mcu.externaltools.gnu-tools-for-stm32.7-2018-q2-update.win32_1.0.0.201904181610/tools/bin/../lib/gcc/arm-none-eabi/7.3.1/../../../../arm-none-eabi/lib/thumb/v7-m/crt0.o
[...]
Memory Configuration

Name             Origin             Length             Attributes
RAM              0x0000000020000000 0x0000000000005000 xrw
FLASH            0x0000000008000000 0x0000000000010000 xr
*default*        0x0000000000000000 0xffffffffffffffff

Linker script and memory map

LOAD c:/st/stm32cubeide_1.0.2/stm32cubeide/plugins/com.st.stm32cube.ide.mcu.externaltools.gnu-tools-for-stm32.7-2018-q2-update.win32_1.0.0.201904181610/tools/bin/../lib/gcc/arm-none-eabi/7.3.1/thumb/v7-m/crti.o
LOAD c:/st/stm32cubeide_1.0.2/stm32cubeide/plugins/com.st.stm32cube.ide.mcu.externaltools.gnu-tools-for-stm32.7-2018-q2-update.win32_1.0.0.201904181610/tools/bin/../lib/gcc/arm-none-eabi/7.3.1/thumb/v7-m/crtbegin.o
LOAD c:/st/stm32cubeide_1.0.2/stm32cubeide/plugins/com.st.stm32cube.ide.mcu.externaltools.gnu-tools-for-stm32.7-2018-q2-update.win32_1.0.0.201904181610/tools/bin/../lib/gcc/arm-none-eabi/7.3.1/../../../../arm-none-eabi/lib/thumb/v7-m/crt0.o
LOAD Drivers/STM32F1xx_HAL_Driver/Src/stm32f1xx_hal.o
LOAD Drivers/STM32F1xx_HAL_Driver/Src/stm32f1xx_hal_cortex.o
LOAD Drivers/STM32F1xx_HAL_Driver/Src/stm32f1xx_hal_dma.o
LOAD Drivers/STM32F1xx_HAL_Driver/Src/stm32f1xx_hal_flash.o
LOAD Drivers/STM32F1xx_HAL_Driver/Src/stm32f1xx_hal_flash_ex.o
LOAD Drivers/STM32F1xx_HAL_Driver/Src/stm32f1xx_hal_gpio.o
LOAD Drivers/STM32F1xx_HAL_Driver/Src/stm32f1xx_hal_gpio_ex.o
LOAD Drivers/STM32F1xx_HAL_Driver/Src/stm32f1xx_hal_pcd.o
LOAD Drivers/STM32F1xx_HAL_Driver/Src/stm32f1xx_hal_pcd_ex.o
LOAD Drivers/STM32F1xx_HAL_Driver/Src/stm32f1xx_hal_pwr.o
LOAD Drivers/STM32F1xx_HAL_Driver/Src/stm32f1xx_hal_rcc.o
LOAD Drivers/STM32F1xx_HAL_Driver/Src/stm32f1xx_hal_rcc_ex.o
LOAD Drivers/STM32F1xx_HAL_Driver/Src/stm32f1xx_hal_tim.o
LOAD Drivers/STM32F1xx_HAL_Driver/Src/stm32f1xx_hal_tim_ex.o
LOAD Drivers/STM32F1xx_HAL_Driver/Src/stm32f1xx_ll_usb.o
LOAD Middlewares/ST/STM32_USB_Device_Library/Class/CDC/Src/usbd_cdc.o
LOAD Middlewares/ST/STM32_USB_Device_Library/Core/Src/usbd_core.o
LOAD Middlewares/ST/STM32_USB_Device_Library/Core/Src/usbd_ctlreq.o
LOAD Middlewares/ST/STM32_USB_Device_Library/Core/Src/usbd_ioreq.o
LOAD Src/main.o
LOAD Src/stm32f1xx_hal_msp.o
LOAD Src/stm32f1xx_it.o
LOAD Src/system_stm32f1xx.o
LOAD Src/usb_device.o
LOAD Src/usbd_cdc_if.o
LOAD Src/usbd_conf.o
LOAD Src/usbd_desc.o
LOAD startup/startup_stm32f103xb.o
START GROUP
LOAD c:/st/stm32cubeide_1.0.2/stm32cubeide/plugins/com.st.stm32cube.ide.mcu.externaltools.gnu-tools-for-stm32.7-2018-q2-update.win32_1.0.0.201904181610/tools/bin/../lib/gcc/arm-none-eabi/7.3.1/../../../../arm-none-eabi/lib/thumb/v7-m\libc_nano.a
LOAD c:/st/stm32cubeide_1.0.2/stm32cubeide/plugins/com.st.stm32cube.ide.mcu.externaltools.gnu-tools-for-stm32.7-2018-q2-update.win32_1.0.0.201904181610/tools/bin/../lib/gcc/arm-none-eabi/7.3.1/../../../../arm-none-eabi/lib/thumb/v7-m\libm.a
END GROUP
START GROUP
LOAD c:/st/stm32cubeide_1.0.2/stm32cubeide/plugins/com.st.stm32cube.ide.mcu.externaltools.gnu-tools-for-stm32.7-2018-q2-update.win32_1.0.0.201904181610/tools/bin/../lib/gcc/arm-none-eabi/7.3.1/thumb/v7-m\libgcc.a
LOAD c:/st/stm32cubeide_1.0.2/stm32cubeide/plugins/com.st.stm32cube.ide.mcu.externaltools.gnu-tools-for-stm32.7-2018-q2-update.win32_1.0.0.201904181610/tools/bin/../lib/gcc/arm-none-eabi/7.3.1/../../../../arm-none-eabi/lib/thumb/v7-m\libc_nano.a
END GROUP
START GROUP
LOAD c:/st/stm32cubeide_1.0.2/stm32cubeide/plugins/com.st.stm32cube.ide.mcu.externaltools.gnu-tools-for-stm32.7-2018-q2-update.win32_1.0.0.201904181610/tools/bin/../lib/gcc/arm-none-eabi/7.3.1/thumb/v7-m\libgcc.a
LOAD c:/st/stm32cubeide_1.0.2/stm32cubeide/plugins/com.st.stm32cube.ide.mcu.externaltools.gnu-tools-for-stm32.7-2018-q2-update.win32_1.0.0.201904181610/tools/bin/../lib/gcc/arm-none-eabi/7.3.1/../../../../arm-none-eabi/lib/thumb/v7-m\libc_nano.a
LOAD c:/st/stm32cubeide_1.0.2/stm32cubeide/plugins/com.st.stm32cube.ide.mcu.externaltools.gnu-tools-for-stm32.7-2018-q2-update.win32_1.0.0.201904181610/tools/bin/../lib/gcc/arm-none-eabi/7.3.1/../../../../arm-none-eabi/lib/thumb/v7-m\libnosys.a
END GROUP
START GROUP
LOAD c:/st/stm32cubeide_1.0.2/stm32cubeide/plugins/com.st.stm32cube.ide.mcu.externaltools.gnu-tools-for-stm32.7-2018-q2-update.win32_1.0.0.201904181610/tools/bin/../lib/gcc/arm-none-eabi/7.3.1/thumb/v7-m\libgcc.a
LOAD c:/st/stm32cubeide_1.0.2/stm32cubeide/plugins/com.st.stm32cube.ide.mcu.externaltools.gnu-tools-for-stm32.7-2018-q2-update.win32_1.0.0.201904181610/tools/bin/../lib/gcc/arm-none-eabi/7.3.1/../../../../arm-none-eabi/lib/thumb/v7-m\libc_nano.a
LOAD c:/st/stm32cubeide_1.0.2/stm32cubeide/plugins/com.st.stm32cube.ide.mcu.externaltools.gnu-tools-for-stm32.7-2018-q2-update.win32_1.0.0.201904181610/tools/bin/../lib/gcc/arm-none-eabi/7.3.1/../../../../arm-none-eabi/lib/thumb/v7-m\libnosys.a
END GROUP
LOAD c:/st/stm32cubeide_1.0.2/stm32cubeide/plugins/com.st.stm32cube.ide.mcu.externaltools.gnu-tools-for-stm32.7-2018-q2-update.win32_1.0.0.201904181610/tools/bin/../lib/gcc/arm-none-eabi/7.3.1/thumb/v7-m/crtend.o
LOAD c:/st/stm32cubeide_1.0.2/stm32cubeide/plugins/com.st.stm32cube.ide.mcu.externaltools.gnu-tools-for-stm32.7-2018-q2-update.win32_1.0.0.201904181610/tools/bin/../lib/gcc/arm-none-eabi/7.3.1/thumb/v7-m/crtn.o
                0x0000000020005000                _estack = 0x20005000
                0x0000000000000200                _Min_Heap_Size = 0x200
                0x0000000000000400                _Min_Stack_Size = 0x400

.isr_vector     0x0000000008000000      0x10c
                0x0000000008000000                . = ALIGN (0x4)
 *(.isr_vector)
 .isr_vector    0x0000000008000000      0x10c startup/startup_stm32f103xb.o
                0x0000000008000000                g_pfnVectors
                0x000000000800010c                . = ALIGN (0x4)

.text           0x000000000800010c     0x2690
                0x000000000800010c                . = ALIGN (0x4)
 *(.text)
 .text          0x000000000800010c       0x40 c:/st/stm32cubeide_1.0.2/stm32cubeide/plugins/com.st.stm32cube.ide.mcu.externaltools.gnu-tools-for-stm32.7-2018-q2-update.win32_1.0.0.201904181610/tools/bin/../lib/gcc/arm-none-eabi/7.3.1/thumb/v7-m/crtbegin.o
 *(.text*)
 .text.HAL_InitTick
                0x000000000800014c       0x48 Drivers/STM32F1xx_HAL_Driver/Src/stm32f1xx_hal.o
                0x000000000800014c                HAL_InitTick
 .text.HAL_Init
                0x0000000008000194       0x24 Drivers/STM32F1xx_HAL_Driver/Src/stm32f1xx_hal.o
                0x0000000008000194                HAL_Init
 .text.HAL_IncTick
                0x00000000080001b8       0x18 Drivers/STM32F1xx_HAL_Driver/Src/stm32f1xx_hal.o
                0x00000000080001b8                HAL_IncTick
 .text.HAL_GetTick
                0x00000000080001d0        0xc Drivers/STM32F1xx_HAL_Driver/Src/stm32f1xx_hal.o
                0x00000000080001d0                HAL_GetTick
 .text.HAL_Delay
                0x00000000080001dc       0x24 Drivers/STM32F1xx_HAL_Driver/Src/stm32f1xx_hal.o
                0x00000000080001dc                HAL_Delay
 .text.HAL_NVIC_SetPriorityGrouping
                0x0000000008000200       0x24 Drivers/STM32F1xx_HAL_Driver/Src/stm32f1xx_hal_cortex.o
                0x0000000008000200                HAL_NVIC_SetPriorityGrouping
 .text.HAL_NVIC_SetPriority
                0x0000000008000224       0x68 Drivers/STM32F1xx_HAL_Driver/Src/stm32f1xx_hal_cortex.o
                0x0000000008000224                HAL_NVIC_SetPriority
 .text.HAL_NVIC_EnableIRQ
                0x000000000800028c       0x18 Drivers/STM32F1xx_HAL_Driver/Src/stm32f1xx_hal_cortex.o
                0x000000000800028c                HAL_NVIC_EnableIRQ
 .text.HAL_SYSTICK_Config
                0x00000000080002a4       0x2c Drivers/STM32F1xx_HAL_Driver/Src/stm32f1xx_hal_cortex.o
                0x00000000080002a4                HAL_SYSTICK_Config
 .text.HAL_SYSTICK_CLKSourceConfig
                0x00000000080002d0       0x18 Drivers/STM32F1xx_HAL_Driver/Src/stm32f1xx_hal_cortex.o
                0x00000000080002d0                HAL_SYSTICK_CLKSourceConfig
 .text.HAL_SYSTICK_Callback
                0x00000000080002e8        0x2 Drivers/STM32F1xx_HAL_Driver/Src/stm32f1xx_hal_cortex.o
                0x00000000080002e8                HAL_SYSTICK_Callback
 .text.HAL_SYSTICK_IRQHandler
                0x00000000080002ea        0x8 Drivers/STM32F1xx_HAL_Driver/Src/stm32f1xx_hal_cortex.o
                0x00000000080002ea                HAL_SYSTICK_IRQHandler
 .text.HAL_PCD_Init
                0x00000000080002f2       0xd2 Drivers/STM32F1xx_HAL_Driver/Src/stm32f1xx_hal_pcd.o
                0x00000000080002f2                HAL_PCD_Init
 .text.HAL_PCD_Start
                0x00000000080003c4       0x2e Drivers/STM32F1xx_HAL_Driver/Src/stm32f1xx_hal_pcd.o
                0x00000000080003c4                HAL_PCD_Start
 .text.HAL_PCD_SetAddress
                0x00000000080003f2       0x28 Drivers/STM32F1xx_HAL_Driver/Src/stm32f1xx_hal_pcd.o
                0x00000000080003f2                HAL_PCD_SetAddress
 .text.HAL_PCD_EP_Open
                0x000000000800041a       0x46 Drivers/STM32F1xx_HAL_Driver/Src/stm32f1xx_hal_pcd.o
                0x000000000800041a                HAL_PCD_EP_Open
 .text.HAL_PCD_EP_Close
                0x0000000008000460       0x42 Drivers/STM32F1xx_HAL_Driver/Src/stm32f1xx_hal_pcd.o
                0x0000000008000460                HAL_PCD_EP_Close
 .text.HAL_PCD_EP_Receive
                0x00000000080004a2       0x30 Drivers/STM32F1xx_HAL_Driver/Src/stm32f1xx_hal_pcd.o
                0x00000000080004a2                HAL_PCD_EP_Receive
 .text.HAL_PCD_EP_GetRxCount
                0x00000000080004d2        0xe Drivers/STM32F1xx_HAL_Driver/Src/stm32f1xx_hal_pcd.o
                0x00000000080004d2                HAL_PCD_EP_GetRxCount
 .text.HAL_PCD_EP_Transmit
                0x00000000080004e0       0x2c Drivers/STM32F1xx_HAL_Driver/Src/stm32f1xx_hal_pcd.o
                0x00000000080004e0                HAL_PCD_EP_Transmit
 .text.HAL_PCD_IRQHandler
                0x000000000800050c      0x4f0 Drivers/STM32F1xx_HAL_Driver/Src/stm32f1xx_hal_pcd.o
                0x000000000800050c                HAL_PCD_IRQHandler
 .text.HAL_PCD_EP_SetStall
                0x00000000080009fc       0x52 Drivers/STM32F1xx_HAL_Driver/Src/stm32f1xx_hal_pcd.o
                0x00000000080009fc                HAL_PCD_EP_SetStall
 .text.HAL_PCD_EP_ClrStall
                0x0000000008000a4e       0x46 Drivers/STM32F1xx_HAL_Driver/Src/stm32f1xx_hal_pcd.o
                0x0000000008000a4e                HAL_PCD_EP_ClrStall
 .text.HAL_PCDEx_PMAConfig
                0x0000000008000a94       0x30 Drivers/STM32F1xx_HAL_Driver/Src/stm32f1xx_hal_pcd_ex.o
                0x0000000008000a94                HAL_PCDEx_PMAConfig
 .text.HAL_RCC_OscConfig
                0x0000000008000ac4      0x318 Drivers/STM32F1xx_HAL_Driver/Src/stm32f1xx_hal_rcc.o
                0x0000000008000ac4                HAL_RCC_OscConfig
 .text.HAL_RCC_GetSysClockFreq
                0x0000000008000ddc       0x78 Drivers/STM32F1xx_HAL_Driver/Src/stm32f1xx_hal_rcc.o
                0x0000000008000ddc                HAL_RCC_GetSysClockFreq
 .text.HAL_RCC_ClockConfig
                0x0000000008000e54      0x148 Drivers/STM32F1xx_HAL_Driver/Src/stm32f1xx_hal_rcc.o
                0x0000000008000e54                HAL_RCC_ClockConfig
 .text.HAL_RCC_GetHCLKFreq
                0x0000000008000f9c        0xc Drivers/STM32F1xx_HAL_Driver/Src/stm32f1xx_hal_rcc.o
                0x0000000008000f9c                HAL_RCC_GetHCLKFreq
 .text.HAL_RCCEx_PeriphCLKConfig
                0x0000000008000fa8       0xf0 Drivers/STM32F1xx_HAL_Driver/Src/stm32f1xx_hal_rcc_ex.o
                0x0000000008000fa8                HAL_RCCEx_PeriphCLKConfig
 .text.USB_CoreInit
                0x0000000008001098        0xe Drivers/STM32F1xx_HAL_Driver/Src/stm32f1xx_ll_usb.o
                0x0000000008001098                USB_CoreInit
 .text.USB_EnableGlobalInt
                0x00000000080010a6       0x12 Drivers/STM32F1xx_HAL_Driver/Src/stm32f1xx_ll_usb.o
                0x00000000080010a6                USB_EnableGlobalInt
 .text.USB_DisableGlobalInt
                0x00000000080010b8       0x14 Drivers/STM32F1xx_HAL_Driver/Src/stm32f1xx_ll_usb.o
                0x00000000080010b8                USB_DisableGlobalInt
 .text.USB_SetCurrentMode
                0x00000000080010cc        0x4 Drivers/STM32F1xx_HAL_Driver/Src/stm32f1xx_ll_usb.o
                0x00000000080010cc                USB_SetCurrentMode
 .text.USB_DevInit
                0x00000000080010d0       0x36 Drivers/STM32F1xx_HAL_Driver/Src/stm32f1xx_ll_usb.o
                0x00000000080010d0                USB_DevInit
 *fill*         0x0000000008001106        0x2 
 .text.USB_ActivateEndpoint
                0x0000000008001108      0x2e4 Drivers/STM32F1xx_HAL_Driver/Src/stm32f1xx_ll_usb.o
                0x0000000008001108                USB_ActivateEndpoint
 .text.USB_DeactivateEndpoint
                0x00000000080013ec      0x19c Drivers/STM32F1xx_HAL_Driver/Src/stm32f1xx_ll_usb.o
                0x00000000080013ec                USB_DeactivateEndpoint
 .text.USB_EPSetStall
                0x0000000008001588       0x64 Drivers/STM32F1xx_HAL_Driver/Src/stm32f1xx_ll_usb.o
                0x0000000008001588                USB_EPSetStall
 .text.USB_EPClearStall
                0x00000000080015ec       0x84 Drivers/STM32F1xx_HAL_Driver/Src/stm32f1xx_ll_usb.o
                0x00000000080015ec                USB_EPClearStall
 .text.USB_SetDevAddress
                0x0000000008001670        0xc Drivers/STM32F1xx_HAL_Driver/Src/stm32f1xx_ll_usb.o
                0x0000000008001670                USB_SetDevAddress
 .text.USB_DevConnect
                0x000000000800167c        0x4 Drivers/STM32F1xx_HAL_Driver/Src/stm32f1xx_ll_usb.o
                0x000000000800167c                USB_DevConnect
 .text.USB_DevDisconnect
                0x0000000008001680        0x4 Drivers/STM32F1xx_HAL_Driver/Src/stm32f1xx_ll_usb.o
                0x0000000008001680                USB_DevDisconnect
 .text.USB_ReadInterrupts
                0x0000000008001684        0x8 Drivers/STM32F1xx_HAL_Driver/Src/stm32f1xx_ll_usb.o
                0x0000000008001684                USB_ReadInterrupts
 .text.USB_EP0_OutStart
                0x000000000800168c        0x4 Drivers/STM32F1xx_HAL_Driver/Src/stm32f1xx_ll_usb.o
                0x000000000800168c                USB_EP0_OutStart
 .text.USB_WritePMA
                0x0000000008001690       0x22 Drivers/STM32F1xx_HAL_Driver/Src/stm32f1xx_ll_usb.o
                0x0000000008001690                USB_WritePMA
 *fill*         0x00000000080016b2        0x2 
 .text.USB_EPStartXfer
                0x00000000080016b4      0x200 Drivers/STM32F1xx_HAL_Driver/Src/stm32f1xx_ll_usb.o
                0x00000000080016b4                USB_EPStartXfer
 .text.USB_ReadPMA
                0x00000000080018b4       0x22 Drivers/STM32F1xx_HAL_Driver/Src/stm32f1xx_ll_usb.o
                0x00000000080018b4                USB_ReadPMA
 .text.USBD_CDC_DataIn
                0x00000000080018d6       0x12 Middlewares/ST/STM32_USB_Device_Library/Class/CDC/Src/usbd_cdc.o
 .text.USBD_CDC_EP0_RxReady
                0x00000000080018e8       0x28 Middlewares/ST/STM32_USB_Device_Library/Class/CDC/Src/usbd_cdc.o
 .text.USBD_CDC_GetFSCfgDesc
                0x0000000008001910        0xc Middlewares/ST/STM32_USB_Device_Library/Class/CDC/Src/usbd_cdc.o
 .text.USBD_CDC_GetHSCfgDesc
                0x000000000800191c        0xc Middlewares/ST/STM32_USB_Device_Library/Class/CDC/Src/usbd_cdc.o
 .text.USBD_CDC_GetOtherSpeedCfgDesc
                0x0000000008001928        0xc Middlewares/ST/STM32_USB_Device_Library/Class/CDC/Src/usbd_cdc.o
 .text.USBD_CDC_GetDeviceQualifierDescriptor
                0x0000000008001934        0xc Middlewares/ST/STM32_USB_Device_Library/Class/CDC/Src/usbd_cdc.o
                0x0000000008001934                USBD_CDC_GetDeviceQualifierDescriptor
 .text.USBD_CDC_DataOut
                0x0000000008001940       0x2e Middlewares/ST/STM32_USB_Device_Library/Class/CDC/Src/usbd_cdc.o
 *fill*         0x000000000800196e        0x2 
 .text.USBD_CDC_Setup
                0x0000000008001970       0x68 Middlewares/ST/STM32_USB_Device_Library/Class/CDC/Src/usbd_cdc.o
 .text.USBD_CDC_DeInit
                0x00000000080019d8       0x3a Middlewares/ST/STM32_USB_Device_Library/Class/CDC/Src/usbd_cdc.o
 .text.USBD_CDC_Init
                0x0000000008001a12       0x8c Middlewares/ST/STM32_USB_Device_Library/Class/CDC/Src/usbd_cdc.o
 .text.USBD_CDC_RegisterInterface
                0x0000000008001a9e        0xe Middlewares/ST/STM32_USB_Device_Library/Class/CDC/Src/usbd_cdc.o
                0x0000000008001a9e                USBD_CDC_RegisterInterface
 .text.USBD_CDC_SetTxBuffer
                0x0000000008001aac       0x10 Middlewares/ST/STM32_USB_Device_Library/Class/CDC/Src/usbd_cdc.o
                0x0000000008001aac                USBD_CDC_SetTxBuffer
 .text.USBD_CDC_SetRxBuffer
                0x0000000008001abc        0xc Middlewares/ST/STM32_USB_Device_Library/Class/CDC/Src/usbd_cdc.o
                0x0000000008001abc                USBD_CDC_SetRxBuffer
 .text.USBD_CDC_TransmitPacket
                0x0000000008001ac8       0x2e Middlewares/ST/STM32_USB_Device_Library/Class/CDC/Src/usbd_cdc.o
                0x0000000008001ac8                USBD_CDC_TransmitPacket
 .text.USBD_CDC_ReceivePacket
                0x0000000008001af6       0x26 Middlewares/ST/STM32_USB_Device_Library/Class/CDC/Src/usbd_cdc.o
                0x0000000008001af6                USBD_CDC_ReceivePacket
 .text.USBD_Init
                0x0000000008001b1c       0x2a Middlewares/ST/STM32_USB_Device_Library/Core/Src/usbd_core.o
                0x0000000008001b1c                USBD_Init
 .text.USBD_RegisterClass
                0x0000000008001b46        0xe Middlewares/ST/STM32_USB_Device_Library/Core/Src/usbd_core.o
                0x0000000008001b46                USBD_RegisterClass
 .text.USBD_Start
                0x0000000008001b54        0xa Middlewares/ST/STM32_USB_Device_Library/Core/Src/usbd_core.o
                0x0000000008001b54                USBD_Start
 .text.USBD_SetClassConfig
                0x0000000008001b5e       0x16 Middlewares/ST/STM32_USB_Device_Library/Core/Src/usbd_core.o
                0x0000000008001b5e                USBD_SetClassConfig
 .text.USBD_ClrClassConfig
                0x0000000008001b74        0xe Middlewares/ST/STM32_USB_Device_Library/Core/Src/usbd_core.o
                0x0000000008001b74                USBD_ClrClassConfig
 .text.USBD_LL_SetupStage
                0x0000000008001b82       0x5a Middlewares/ST/STM32_USB_Device_Library/Core/Src/usbd_core.o
                0x0000000008001b82                USBD_LL_SetupStage
 .text.USBD_LL_DataOutStage
                0x0000000008001bdc       0x64 Middlewares/ST/STM32_USB_Device_Library/Core/Src/usbd_core.o
                0x0000000008001bdc                USBD_LL_DataOutStage
 .text.USBD_LL_DataInStage
                0x0000000008001c40       0x9e Middlewares/ST/STM32_USB_Device_Library/Core/Src/usbd_core.o
                0x0000000008001c40                USBD_LL_DataInStage
 .text.USBD_LL_Reset
                0x0000000008001cde       0x3e Middlewares/ST/STM32_USB_Device_Library/Core/Src/usbd_core.o
                0x0000000008001cde                USBD_LL_Reset
 .text.USBD_LL_SetSpeed
                0x0000000008001d1c        0x6 Middlewares/ST/STM32_USB_Device_Library/Core/Src/usbd_core.o
                0x0000000008001d1c                USBD_LL_SetSpeed
 .text.USBD_LL_Suspend
                0x0000000008001d22       0x12 Middlewares/ST/STM32_USB_Device_Library/Core/Src/usbd_core.o
                0x0000000008001d22                USBD_LL_Suspend
 .text.USBD_LL_Resume
                0x0000000008001d34        0xc Middlewares/ST/STM32_USB_Device_Library/Core/Src/usbd_core.o
                0x0000000008001d34                USBD_LL_Resume
 .text.USBD_LL_SOF
                0x0000000008001d40       0x18 Middlewares/ST/STM32_USB_Device_Library/Core/Src/usbd_core.o
                0x0000000008001d40                USBD_LL_SOF
 .text.USBD_CtlError.constprop.0
                0x0000000008001d58       0x16 Middlewares/ST/STM32_USB_Device_Library/Core/Src/usbd_ctlreq.o
 *fill*         0x0000000008001d6e        0x2 
 .text.USBD_StdDevReq
                0x0000000008001d70      0x1f4 Middlewares/ST/STM32_USB_Device_Library/Core/Src/usbd_ctlreq.o
                0x0000000008001d70                USBD_StdDevReq
 .text.USBD_StdItfReq
                0x0000000008001f64       0x30 Middlewares/ST/STM32_USB_Device_Library/Core/Src/usbd_ctlreq.o
                0x0000000008001f64                USBD_StdItfReq
 .text.USBD_StdEPReq
                0x0000000008001f94       0xc6 Middlewares/ST/STM32_USB_Device_Library/Core/Src/usbd_ctlreq.o
                0x0000000008001f94                USBD_StdEPReq
 .text.USBD_ParseSetupRequest
                0x000000000800205a       0x28 Middlewares/ST/STM32_USB_Device_Library/Core/Src/usbd_ctlreq.o
                0x000000000800205a                USBD_ParseSetupRequest
 .text.USBD_GetString
                0x0000000008002082       0x38 Middlewares/ST/STM32_USB_Device_Library/Core/Src/usbd_ctlreq.o
                0x0000000008002082                USBD_GetString
 .text.USBD_CtlSendData
                0x00000000080020ba       0x1a Middlewares/ST/STM32_USB_Device_Library/Core/Src/usbd_ioreq.o
                0x00000000080020ba                USBD_CtlSendData
 .text.USBD_CtlContinueSendData
                0x00000000080020d4       0x10 Middlewares/ST/STM32_USB_Device_Library/Core/Src/usbd_ioreq.o
                0x00000000080020d4                USBD_CtlContinueSendData
 .text.USBD_CtlPrepareRx
                0x00000000080020e4       0x1e Middlewares/ST/STM32_USB_Device_Library/Core/Src/usbd_ioreq.o
                0x00000000080020e4                USBD_CtlPrepareRx
 .text.USBD_CtlContinueRx
                0x0000000008002102       0x10 Middlewares/ST/STM32_USB_Device_Library/Core/Src/usbd_ioreq.o
                0x0000000008002102                USBD_CtlContinueRx
 .text.USBD_CtlSendStatus
                0x0000000008002112       0x16 Middlewares/ST/STM32_USB_Device_Library/Core/Src/usbd_ioreq.o
                0x0000000008002112                USBD_CtlSendStatus
 .text.USBD_CtlReceiveStatus
                0x0000000008002128       0x16 Middlewares/ST/STM32_USB_Device_Library/Core/Src/usbd_ioreq.o
                0x0000000008002128                USBD_CtlReceiveStatus
 .text.SystemClock_Config
                0x000000000800213e       0x7e Src/main.o
                0x000000000800213e                SystemClock_Config
 .text.startup.main
                0x00000000080021bc       0x7c Src/main.o
                0x00000000080021bc                main
 .text._Error_Handler
                0x0000000008002238        0x2 Src/main.o
                0x0000000008002238                _Error_Handler
 *fill*         0x000000000800223a        0x2 
 .text.HAL_MspInit
                0x000000000800223c       0x8c Src/stm32f1xx_hal_msp.o
                0x000000000800223c                HAL_MspInit
 .text.NMI_Handler
                0x00000000080022c8        0x2 Src/stm32f1xx_it.o
                0x00000000080022c8                NMI_Handler
 .text.HardFault_Handler
                0x00000000080022ca        0x2 Src/stm32f1xx_it.o
                0x00000000080022ca                HardFault_Handler
 .text.MemManage_Handler
                0x00000000080022cc        0x2 Src/stm32f1xx_it.o
                0x00000000080022cc                MemManage_Handler
 .text.BusFault_Handler
                0x00000000080022ce        0x2 Src/stm32f1xx_it.o
                0x00000000080022ce                BusFault_Handler
 .text.UsageFault_Handler
                0x00000000080022d0        0x2 Src/stm32f1xx_it.o
                0x00000000080022d0                UsageFault_Handler
 .text.SVC_Handler
                0x00000000080022d2        0x2 Src/stm32f1xx_it.o
                0x00000000080022d2                SVC_Handler
 .text.DebugMon_Handler
                0x00000000080022d4        0x2 Src/stm32f1xx_it.o
                0x00000000080022d4                DebugMon_Handler
 .text.PendSV_Handler
                0x00000000080022d6        0x2 Src/stm32f1xx_it.o
                0x00000000080022d6                PendSV_Handler
 .text.SysTick_Handler
                0x00000000080022d8        0xe Src/stm32f1xx_it.o
                0x00000000080022d8                SysTick_Handler
 *fill*         0x00000000080022e6        0x2 
 .text.USB_LP_CAN1_RX0_IRQHandler
                0x00000000080022e8        0xc Src/stm32f1xx_it.o
                0x00000000080022e8                USB_LP_CAN1_RX0_IRQHandler
 .text.SystemInit
                0x00000000080022f4       0x4c Src/system_stm32f1xx.o
                0x00000000080022f4                SystemInit
 .text.MX_USB_DEVICE_Init
                0x0000000008002340       0x38 Src/usb_device.o
                0x0000000008002340                MX_USB_DEVICE_Init
 .text.CDC_DeInit_FS
                0x0000000008002378        0x4 Src/usbd_cdc_if.o
 .text.CDC_Control_FS
                0x000000000800237c        0x4 Src/usbd_cdc_if.o
 .text.CDC_Receive_FS
                0x0000000008002380       0x1c Src/usbd_cdc_if.o
 .text.CDC_Init_FS
                0x000000000800239c       0x28 Src/usbd_cdc_if.o
 .text.CDC_Transmit_FS
                0x00000000080023c4       0x2c Src/usbd_cdc_if.o
                0x00000000080023c4                CDC_Transmit_FS
 .text.HAL_PCD_MspInit
                0x00000000080023f0       0x3c Src/usbd_conf.o
                0x00000000080023f0                HAL_PCD_MspInit
 .text.HAL_PCD_SetupStageCallback
                0x000000000800242c        0xc Src/usbd_conf.o
                0x000000000800242c                HAL_PCD_SetupStageCallback
 .text.HAL_PCD_DataOutStageCallback
                0x0000000008002438       0x10 Src/usbd_conf.o
                0x0000000008002438                HAL_PCD_DataOutStageCallback
 .text.HAL_PCD_DataInStageCallback
                0x0000000008002448        0xe Src/usbd_conf.o
                0x0000000008002448                HAL_PCD_DataInStageCallback
 .text.HAL_PCD_SOFCallback
                0x0000000008002456        0x8 Src/usbd_conf.o
                0x0000000008002456                HAL_PCD_SOFCallback
 .text.HAL_PCD_ResetCallback
                0x000000000800245e       0x1a Src/usbd_conf.o
                0x000000000800245e                HAL_PCD_ResetCallback
 .text.HAL_PCD_SuspendCallback
                0x0000000008002478       0x20 Src/usbd_conf.o
                0x0000000008002478                HAL_PCD_SuspendCallback
 .text.HAL_PCD_ResumeCallback
                0x0000000008002498        0x8 Src/usbd_conf.o
                0x0000000008002498                HAL_PCD_ResumeCallback
 .text.USBD_LL_Init
                0x00000000080024a0       0x90 Src/usbd_conf.o
                0x00000000080024a0                USBD_LL_Init
 .text.USBD_LL_Start
                0x0000000008002530       0x1c Src/usbd_conf.o
                0x0000000008002530                USBD_LL_Start
 .text.USBD_LL_OpenEP
                0x000000000800254c       0x20 Src/usbd_conf.o
                0x000000000800254c                USBD_LL_OpenEP
 .text.USBD_LL_CloseEP
                0x000000000800256c       0x1c Src/usbd_conf.o
                0x000000000800256c                USBD_LL_CloseEP
 .text.USBD_LL_StallEP
                0x0000000008002588       0x1c Src/usbd_conf.o
                0x0000000008002588                USBD_LL_StallEP
 .text.USBD_LL_ClearStallEP
                0x00000000080025a4       0x1c Src/usbd_conf.o
                0x00000000080025a4                USBD_LL_ClearStallEP
 .text.USBD_LL_IsStallEP
                0x00000000080025c0       0x20 Src/usbd_conf.o
                0x00000000080025c0                USBD_LL_IsStallEP
 .text.USBD_LL_SetUSBAddress
                0x00000000080025e0       0x1c Src/usbd_conf.o
                0x00000000080025e0                USBD_LL_SetUSBAddress
 .text.USBD_LL_Transmit
                0x00000000080025fc       0x1c Src/usbd_conf.o
                0x00000000080025fc                USBD_LL_Transmit
 .text.USBD_LL_PrepareReceive
                0x0000000008002618       0x1c Src/usbd_conf.o
                0x0000000008002618                USBD_LL_PrepareReceive
 .text.USBD_LL_GetRxDataSize
                0x0000000008002634        0xc Src/usbd_conf.o
                0x0000000008002634                USBD_LL_GetRxDataSize
 .text.USBD_static_malloc
                0x0000000008002640        0x8 Src/usbd_conf.o
                0x0000000008002640                USBD_static_malloc
 .text.USBD_static_free
                0x0000000008002648        0x2 Src/usbd_conf.o
                0x0000000008002648                USBD_static_free
 .text.HAL_PCDEx_SetConnectionState
                0x000000000800264a        0x2 Src/usbd_conf.o
                0x000000000800264a                HAL_PCDEx_SetConnectionState
 .text.USBD_FS_DeviceDescriptor
                0x000000000800264c        0xc Src/usbd_desc.o
                0x000000000800264c                USBD_FS_DeviceDescriptor
 .text.USBD_FS_LangIDStrDescriptor
                0x0000000008002658        0xc Src/usbd_desc.o
                0x0000000008002658                USBD_FS_LangIDStrDescriptor
 .text.USBD_FS_ManufacturerStrDescriptor
                0x0000000008002664       0x1c Src/usbd_desc.o
                0x0000000008002664                USBD_FS_ManufacturerStrDescriptor
 .text.USBD_FS_ProductStrDescriptor
                0x0000000008002680       0x1c Src/usbd_desc.o
                0x0000000008002680                USBD_FS_ProductStrDescriptor
 .text.USBD_FS_SerialStrDescriptor
                0x000000000800269c       0x1c Src/usbd_desc.o
                0x000000000800269c                USBD_FS_SerialStrDescriptor
 .text.USBD_FS_ConfigStrDescriptor
                0x00000000080026b8       0x1c Src/usbd_desc.o
                0x00000000080026b8                USBD_FS_ConfigStrDescriptor
 .text.USBD_FS_InterfaceStrDescriptor
                0x00000000080026d4       0x1c Src/usbd_desc.o
                0x00000000080026d4                USBD_FS_InterfaceStrDescriptor
 .text.Reset_Handler
                0x00000000080026f0       0x48 startup/startup_stm32f103xb.o
                0x00000000080026f0                Reset_Handler
 .text.Default_Handler
                0x0000000008002738        0x2 startup/startup_stm32f103xb.o
                0x0000000008002738                RTC_Alarm_IRQHandler
                0x0000000008002738                EXTI2_IRQHandler
                0x0000000008002738                TIM1_CC_IRQHandler
                0x0000000008002738                PVD_IRQHandler
                0x0000000008002738                EXTI3_IRQHandler
                0x0000000008002738                EXTI0_IRQHandler
                0x0000000008002738                I2C2_EV_IRQHandler
                0x0000000008002738                ADC1_2_IRQHandler
                0x0000000008002738                SPI1_IRQHandler
                0x0000000008002738                TAMPER_IRQHandler
                0x0000000008002738                DMA1_Channel4_IRQHandler
                0x0000000008002738                USART3_IRQHandler
                0x0000000008002738                RTC_IRQHandler
                0x0000000008002738                DMA1_Channel7_IRQHandler
                0x0000000008002738                CAN1_RX1_IRQHandler
                0x0000000008002738                TIM4_IRQHandler
                0x0000000008002738                I2C1_EV_IRQHandler
                0x0000000008002738                DMA1_Channel6_IRQHandler
                0x0000000008002738                TIM3_IRQHandler
                0x0000000008002738                RCC_IRQHandler
                0x0000000008002738                TIM1_TRG_COM_IRQHandler
                0x0000000008002738                DMA1_Channel1_IRQHandler
                0x0000000008002738                Default_Handler
                0x0000000008002738                EXTI15_10_IRQHandler
                0x0000000008002738                EXTI9_5_IRQHandler
                0x0000000008002738                SPI2_IRQHandler
                0x0000000008002738                DMA1_Channel5_IRQHandler
                0x0000000008002738                EXTI4_IRQHandler
                0x0000000008002738                USB_HP_CAN1_TX_IRQHandler
                0x0000000008002738                DMA1_Channel3_IRQHandler
                0x0000000008002738                TIM1_UP_IRQHandler
                0x0000000008002738                WWDG_IRQHandler
                0x0000000008002738                TIM2_IRQHandler
                0x0000000008002738                TIM1_BRK_IRQHandler
                0x0000000008002738                EXTI1_IRQHandler
                0x0000000008002738                USART2_IRQHandler
                0x0000000008002738                I2C2_ER_IRQHandler
                0x0000000008002738                DMA1_Channel2_IRQHandler
                0x0000000008002738                CAN1_SCE_IRQHandler
                0x0000000008002738                FLASH_IRQHandler
                0x0000000008002738                USART1_IRQHandler
                0x0000000008002738                I2C1_ER_IRQHandler
                0x0000000008002738                USBWakeUp_IRQHandler
 *fill*         0x000000000800273a        0x2 
 .text.__libc_init_array
                0x000000000800273c       0x48 c:/st/stm32cubeide_1.0.2/stm32cubeide/plugins/com.st.stm32cube.ide.mcu.externaltools.gnu-tools-for-stm32.7-2018-q2-update.win32_1.0.0.201904181610/tools/bin/../lib/gcc/arm-none-eabi/7.3.1/../../../../arm-none-eabi/lib/thumb/v7-m\libc_nano.a(lib_a-init.o)
                0x000000000800273c                __libc_init_array
 *(.glue_7)
 .glue_7        0x0000000008002784        0x0 linker stubs
 *(.glue_7t)
 .glue_7t       0x0000000008002784        0x0 linker stubs
 *(.eh_frame)
 .eh_frame      0x0000000008002784        0x0 c:/st/stm32cubeide_1.0.2/stm32cubeide/plugins/com.st.stm32cube.ide.mcu.externaltools.gnu-tools-for-stm32.7-2018-q2-update.win32_1.0.0.201904181610/tools/bin/../lib/gcc/arm-none-eabi/7.3.1/thumb/v7-m/crtbegin.o
 *(.init)
 .init          0x0000000008002784        0x4 c:/st/stm32cubeide_1.0.2/stm32cubeide/plugins/com.st.stm32cube.ide.mcu.externaltools.gnu-tools-for-stm32.7-2018-q2-update.win32_1.0.0.201904181610/tools/bin/../lib/gcc/arm-none-eabi/7.3.1/thumb/v7-m/crti.o
                0x0000000008002784                _init
 .init          0x0000000008002788        0x8 c:/st/stm32cubeide_1.0.2/stm32cubeide/plugins/com.st.stm32cube.ide.mcu.externaltools.gnu-tools-for-stm32.7-2018-q2-update.win32_1.0.0.201904181610/tools/bin/../lib/gcc/arm-none-eabi/7.3.1/thumb/v7-m/crtn.o
 *(.fini)
 .fini          0x0000000008002790        0x4 c:/st/stm32cubeide_1.0.2/stm32cubeide/plugins/com.st.stm32cube.ide.mcu.externaltools.gnu-tools-for-stm32.7-2018-q2-update.win32_1.0.0.201904181610/tools/bin/../lib/gcc/arm-none-eabi/7.3.1/thumb/v7-m/crti.o
                0x0000000008002790                _fini
 .fini          0x0000000008002794        0x8 c:/st/stm32cubeide_1.0.2/stm32cubeide/plugins/com.st.stm32cube.ide.mcu.externaltools.gnu-tools-for-stm32.7-2018-q2-update.win32_1.0.0.201904181610/tools/bin/../lib/gcc/arm-none-eabi/7.3.1/thumb/v7-m/crtn.o
                0x000000000800279c                . = ALIGN (0x4)
                0x000000000800279c                _etext = .

.vfp11_veneer   0x000000000800279c        0x0
 .vfp11_veneer  0x000000000800279c        0x0 linker stubs

.v4_bx          0x000000000800279c        0x0
 .v4_bx         0x000000000800279c        0x0 linker stubs

.iplt           0x000000000800279c        0x0
 .iplt          0x000000000800279c        0x0 c:/st/stm32cubeide_1.0.2/stm32cubeide/plugins/com.st.stm32cube.ide.mcu.externaltools.gnu-tools-for-stm32.7-2018-q2-update.win32_1.0.0.201904181610/tools/bin/../lib/gcc/arm-none-eabi/7.3.1/thumb/v7-m/crtbegin.o

.rodata         0x000000000800279c       0x88
                0x000000000800279c                . = ALIGN (0x4)
 *(.rodata)
 .rodata        0x000000000800279c       0x10 Drivers/STM32F1xx_HAL_Driver/Src/stm32f1xx_hal_rcc.o
 *(.rodata*)
 .rodata.AHBPrescTable
                0x00000000080027ac       0x10 Src/system_stm32f1xx.o
                0x00000000080027ac                AHBPrescTable
 .rodata.CSWTCH.39
                0x00000000080027bc        0x4 Src/usbd_conf.o
 .rodata.USBD_LL_Init.str1.1
                0x00000000080027c0       0x13 Src/usbd_conf.o
 .rodata.USBD_FS_ConfigStrDescriptor.str1.1
                0x00000000080027d3        0xb Src/usbd_desc.o
 .rodata.USBD_FS_InterfaceStrDescriptor.str1.1
                0x00000000080027de        0xe Src/usbd_desc.o
 .rodata.USBD_FS_ManufacturerStrDescriptor.str1.1
                0x00000000080027ec       0x13 Src/usbd_desc.o
 .rodata.USBD_FS_ProductStrDescriptor.str1.1
                0x00000000080027ff       0x16 Src/usbd_desc.o
 .rodata.USBD_FS_SerialStrDescriptor.str1.1
                0x0000000008002815        0xd Src/usbd_desc.o
                0x0000000008002824                . = ALIGN (0x4)
 *fill*         0x0000000008002822        0x2 

.rel.dyn        0x0000000008002824        0x0
 .rel.iplt      0x0000000008002824        0x0 c:/st/stm32cubeide_1.0.2/stm32cubeide/plugins/com.st.stm32cube.ide.mcu.externaltools.gnu-tools-for-stm32.7-2018-q2-update.win32_1.0.0.201904181610/tools/bin/../lib/gcc/arm-none-eabi/7.3.1/thumb/v7-m/crtbegin.o

.ARM.extab
 *(.ARM.extab* .gnu.linkonce.armextab.*)

.ARM            0x0000000008002824        0x0
                0x0000000008002824                __exidx_start = .
 *(.ARM.exidx*)
                0x0000000008002824                __exidx_end = .

.preinit_array  0x0000000008002824        0x0
                0x0000000008002824                PROVIDE (__preinit_array_start = .)
 *(.preinit_array*)
                0x0000000008002824                PROVIDE (__preinit_array_end = .)

.init_array     0x0000000008002824        0x4
                0x0000000008002824                PROVIDE (__init_array_start = .)
 *(SORT_BY_NAME(.init_array.*))
 *(.init_array*)
 .init_array    0x0000000008002824        0x4 c:/st/stm32cubeide_1.0.2/stm32cubeide/plugins/com.st.stm32cube.ide.mcu.externaltools.gnu-tools-for-stm32.7-2018-q2-update.win32_1.0.0.201904181610/tools/bin/../lib/gcc/arm-none-eabi/7.3.1/thumb/v7-m/crtbegin.o
                0x0000000008002828                PROVIDE (__init_array_end = .)

.fini_array     0x0000000008002828        0x4
                [!provide]                        PROVIDE (__fini_array_start = .)
 *(SORT_BY_NAME(.fini_array.*))
 *(.fini_array*)
 .fini_array    0x0000000008002828        0x4 c:/st/stm32cubeide_1.0.2/stm32cubeide/plugins/com.st.stm32cube.ide.mcu.externaltools.gnu-tools-for-stm32.7-2018-q2-update.win32_1.0.0.201904181610/tools/bin/../lib/gcc/arm-none-eabi/7.3.1/thumb/v7-m/crtbegin.o
                [!provide]                        PROVIDE (__fini_array_end = .)
                0x000000000800282c                _sidata = LOADADDR (.data)

.data           0x0000000020000000      0x160 load address 0x000000000800282c
                0x0000000020000000                . = ALIGN (0x4)
                0x0000000020000000                _sdata = .
 *(.data)
 *(.data*)
 .data.uwTickFreq
                0x0000000020000000        0x1 Drivers/STM32F1xx_HAL_Driver/Src/stm32f1xx_hal.o
                0x0000000020000000                uwTickFreq
 *fill*         0x0000000020000001        0x3 
 .data.uwTickPrio
                0x0000000020000004        0x4 Drivers/STM32F1xx_HAL_Driver/Src/stm32f1xx_hal.o
                0x0000000020000004                uwTickPrio
 .data.USBD_CDC
                0x0000000020000008       0x38 Middlewares/ST/STM32_USB_Device_Library/Class/CDC/Src/usbd_cdc.o
                0x0000000020000008                USBD_CDC
 .data.USBD_CDC_CfgFSDesc
                0x0000000020000040       0x43 Middlewares/ST/STM32_USB_Device_Library/Class/CDC/Src/usbd_cdc.o
                0x0000000020000040                USBD_CDC_CfgFSDesc
 *fill*         0x0000000020000083        0x1 
 .data.USBD_CDC_CfgHSDesc
                0x0000000020000084       0x43 Middlewares/ST/STM32_USB_Device_Library/Class/CDC/Src/usbd_cdc.o
                0x0000000020000084                USBD_CDC_CfgHSDesc
 *fill*         0x00000000200000c7        0x1 
 .data.USBD_CDC_DeviceQualifierDesc
                0x00000000200000c8        0xa Middlewares/ST/STM32_USB_Device_Library/Class/CDC/Src/usbd_cdc.o
 *fill*         0x00000000200000d2        0x2 
 .data.USBD_CDC_OtherSpeedCfgDesc
                0x00000000200000d4       0x43 Middlewares/ST/STM32_USB_Device_Library/Class/CDC/Src/usbd_cdc.o
                0x00000000200000d4                USBD_CDC_OtherSpeedCfgDesc
 *fill*         0x0000000020000117        0x1 
 .data.SystemCoreClock
                0x0000000020000118        0x4 Src/system_stm32f1xx.o
                0x0000000020000118                SystemCoreClock
 .data.USBD_Interface_fops_FS
                0x000000002000011c       0x10 Src/usbd_cdc_if.o
                0x000000002000011c                USBD_Interface_fops_FS
 .data.FS_Desc  0x000000002000012c       0x1c Src/usbd_desc.o
                0x000000002000012c                FS_Desc
 .data.USBD_FS_DeviceDesc
                0x0000000020000148       0x12 Src/usbd_desc.o
                0x0000000020000148                USBD_FS_DeviceDesc
 *fill*         0x000000002000015a        0x2 
 .data.USBD_LangIDDesc
                0x000000002000015c        0x4 Src/usbd_desc.o
                0x000000002000015c                USBD_LangIDDesc
                0x0000000020000160                . = ALIGN (0x4)
                0x0000000020000160                _edata = .

.igot.plt       0x0000000020000160        0x0 load address 0x000000000800298c
 .igot.plt      0x0000000020000160        0x0 c:/st/stm32cubeide_1.0.2/stm32cubeide/plugins/com.st.stm32cube.ide.mcu.externaltools.gnu-tools-for-stm32.7-2018-q2-update.win32_1.0.0.201904181610/tools/bin/../lib/gcc/arm-none-eabi/7.3.1/thumb/v7-m/crtbegin.o
                0x0000000020000160                . = ALIGN (0x4)

.bss            0x0000000020000160     0x1298 load address 0x000000000800298c
                0x0000000020000160                _sbss = .
                0x0000000020000160                __bss_start__ = _sbss
 *(.bss)
 .bss           0x0000000020000160       0x1c c:/st/stm32cubeide_1.0.2/stm32cubeide/plugins/com.st.stm32cube.ide.mcu.externaltools.gnu-tools-for-stm32.7-2018-q2-update.win32_1.0.0.201904181610/tools/bin/../lib/gcc/arm-none-eabi/7.3.1/thumb/v7-m/crtbegin.o
 *(.bss*)
 .bss.ifalt.7491
                0x000000002000017c        0x1 Middlewares/ST/STM32_USB_Device_Library/Class/CDC/Src/usbd_cdc.o
 .bss.cfgidx.7496
                0x000000002000017d        0x1 Middlewares/ST/STM32_USB_Device_Library/Core/Src/usbd_ctlreq.o
 *fill*         0x000000002000017e        0x2 
 .bss.mem.7650  0x0000000020000180      0x220 Src/usbd_conf.o
 *(COMMON)
 COMMON         0x00000000200003a0        0x4 Drivers/STM32F1xx_HAL_Driver/Src/stm32f1xx_hal.o
                0x00000000200003a0                uwTick
 COMMON         0x00000000200003a4      0x224 Src/usb_device.o
                0x00000000200003a4                hUsbDeviceFS
 COMMON         0x00000000200005c8      0x7d0 Src/usbd_cdc_if.o
                0x00000000200005c8                UserRxBufferFS
                0x00000000200009b0                UserTxBufferFS
 COMMON         0x0000000020000d98      0x460 Src/usbd_conf.o
                0x0000000020000d98                hpcd_USB_FS
 COMMON         0x00000000200011f8      0x200 Src/usbd_desc.o
                0x00000000200011f8                USBD_StrDesc
                0x00000000200013f8                . = ALIGN (0x4)
                0x00000000200013f8                _ebss = .
                0x00000000200013f8                __bss_end__ = _ebss

._user_heap_stack
                0x00000000200013f8      0x600 load address 0x000000000800298c
                0x00000000200013f8                . = ALIGN (0x4)
                [!provide]                        PROVIDE (end = .)
                [!provide]                        PROVIDE (_end = .)
                0x00000000200015f8                . = (. + _Min_Heap_Size)
 *fill*         0x00000000200013f8      0x200 
                0x00000000200019f8                . = (. + _Min_Stack_Size)
 *fill*         0x00000000200015f8      0x400 
                0x00000000200019f8                . = ALIGN (0x4)

/DISCARD/
 libc.a(*)
 libm.a(*)
 libgcc.a(*)

.ARM.attributes
                0x0000000000000000       0x29
 *(.ARM.attributes)
 .ARM.attributes
                0x0000000000000000       0x1d c:/st/stm32cubeide_1.0.2/stm32cubeide/plugins/com.st.stm32cube.ide.mcu.externaltools.gnu-tools-for-stm32.7-2018-q2-update.win32_1.0.0.201904181610/tools/bin/../lib/gcc/arm-none-eabi/7.3.1/thumb/v7-m/crti.o
 .ARM.attributes
                0x000000000000001d       0x2d c:/st/stm32cubeide_1.0.2/stm32cubeide/plugins/com.st.stm32cube.ide.mcu.externaltools.gnu-tools-for-stm32.7-2018-q2-update.win32_1.0.0.201904181610/tools/bin/../lib/gcc/arm-none-eabi/7.3.1/thumb/v7-m/crtbegin.o
 .ARM.attributes
                0x000000000000004a       0x33 Drivers/STM32F1xx_HAL_Driver/Src/stm32f1xx_hal.o
 .ARM.attributes
                0x000000000000007d       0x33 Drivers/STM32F1xx_HAL_Driver/Src/stm32f1xx_hal_cortex.o
 .ARM.attributes
                0x00000000000000b0       0x33 Drivers/STM32F1xx_HAL_Driver/Src/stm32f1xx_hal_pcd.o
 .ARM.attributes
                0x00000000000000e3       0x33 Drivers/STM32F1xx_HAL_Driver/Src/stm32f1xx_hal_pcd_ex.o
 .ARM.attributes
                0x0000000000000116       0x33 Drivers/STM32F1xx_HAL_Driver/Src/stm32f1xx_hal_rcc.o
 .ARM.attributes
                0x0000000000000149       0x33 Drivers/STM32F1xx_HAL_Driver/Src/stm32f1xx_hal_rcc_ex.o
 .ARM.attributes
                0x000000000000017c       0x33 Drivers/STM32F1xx_HAL_Driver/Src/stm32f1xx_ll_usb.o
 .ARM.attributes
                0x00000000000001af       0x33 Middlewares/ST/STM32_USB_Device_Library/Class/CDC/Src/usbd_cdc.o
 .ARM.attributes
                0x00000000000001e2       0x33 Middlewares/ST/STM32_USB_Device_Library/Core/Src/usbd_core.o
 .ARM.attributes
                0x0000000000000215       0x33 Middlewares/ST/STM32_USB_Device_Library/Core/Src/usbd_ctlreq.o
 .ARM.attributes
                0x0000000000000248       0x33 Middlewares/ST/STM32_USB_Device_Library/Core/Src/usbd_ioreq.o
 .ARM.attributes
                0x000000000000027b       0x33 Src/main.o
 .ARM.attributes
                0x00000000000002ae       0x33 Src/stm32f1xx_hal_msp.o
 .ARM.attributes
                0x00000000000002e1       0x33 Src/stm32f1xx_it.o
 .ARM.attributes
                0x0000000000000314       0x33 Src/system_stm32f1xx.o
 .ARM.attributes
                0x0000000000000347       0x33 Src/usb_device.o
 .ARM.attributes
                0x000000000000037a       0x33 Src/usbd_cdc_if.o
 .ARM.attributes
                0x00000000000003ad       0x33 Src/usbd_conf.o
 .ARM.attributes
                0x00000000000003e0       0x33 Src/usbd_desc.o
 .ARM.attributes
                0x0000000000000413       0x21 startup/startup_stm32f103xb.o
 .ARM.attributes
                0x0000000000000434       0x2d c:/st/stm32cubeide_1.0.2/stm32cubeide/plugins/com.st.stm32cube.ide.mcu.externaltools.gnu-tools-for-stm32.7-2018-q2-update.win32_1.0.0.201904181610/tools/bin/../lib/gcc/arm-none-eabi/7.3.1/../../../../arm-none-eabi/lib/thumb/v7-m\libc_nano.a(lib_a-init.o)
 .ARM.attributes
                0x0000000000000461       0x1d c:/st/stm32cubeide_1.0.2/stm32cubeide/plugins/com.st.stm32cube.ide.mcu.externaltools.gnu-tools-for-stm32.7-2018-q2-update.win32_1.0.0.201904181610/tools/bin/../lib/gcc/arm-none-eabi/7.3.1/thumb/v7-m/crtn.o
OUTPUT(USB_teste.elf elf32-littlearm)

.debug_info     0x0000000000000000    0x1570e
 .debug_info    0x0000000000000000      0xfba Drivers/STM32F1xx_HAL_Driver/Src/stm32f1xx_hal.o
 .debug_info    0x0000000000000fba     0x1463 Drivers/STM32F1xx_HAL_Driver/Src/stm32f1xx_hal_cortex.o
 .debug_info    0x000000000000241d     0x1979 Drivers/STM32F1xx_HAL_Driver/Src/stm32f1xx_hal_pcd.o
 .debug_info    0x0000000000003d96      0xdfd Drivers/STM32F1xx_HAL_Driver/Src/stm32f1xx_hal_pcd_ex.o
 .debug_info    0x0000000000004b93     0x11f7 Drivers/STM32F1xx_HAL_Driver/Src/stm32f1xx_hal_rcc.o
 .debug_info    0x0000000000005d8a      0xc57 Drivers/STM32F1xx_HAL_Driver/Src/stm32f1xx_hal_rcc_ex.o
 .debug_info    0x00000000000069e1     0x1700 Drivers/STM32F1xx_HAL_Driver/Src/stm32f1xx_ll_usb.o
 .debug_info    0x00000000000080e1     0x14f6 Middlewares/ST/STM32_USB_Device_Library/Class/CDC/Src/usbd_cdc.o
 .debug_info    0x00000000000095d7     0x1466 Middlewares/ST/STM32_USB_Device_Library/Core/Src/usbd_core.o
 .debug_info    0x000000000000aa3d     0x1499 Middlewares/ST/STM32_USB_Device_Library/Core/Src/usbd_ctlreq.o
 .debug_info    0x000000000000bed6      0xfc5 Middlewares/ST/STM32_USB_Device_Library/Core/Src/usbd_ioreq.o
 .debug_info    0x000000000000ce9b     0x1436 Src/main.o
 .debug_info    0x000000000000e2d1      0xcbe Src/stm32f1xx_hal_msp.o
 .debug_info    0x000000000000ef8f      0xe13 Src/stm32f1xx_it.o
 .debug_info    0x000000000000fda2      0xc07 Src/system_stm32f1xx.o
 .debug_info    0x00000000000109a9      0xe7e Src/usb_device.o
 .debug_info    0x0000000000011827     0x108f Src/usbd_cdc_if.o
 .debug_info    0x00000000000128b6     0x2060 Src/usbd_conf.o
 .debug_info    0x0000000000014916      0xd7a Src/usbd_desc.o
 .debug_info    0x0000000000015690       0x7e startup/startup_stm32f103xb.o

.debug_abbrev   0x0000000000000000     0x33a3
 .debug_abbrev  0x0000000000000000      0x308 Drivers/STM32F1xx_HAL_Driver/Src/stm32f1xx_hal.o
 .debug_abbrev  0x0000000000000308      0x399 Drivers/STM32F1xx_HAL_Driver/Src/stm32f1xx_hal_cortex.o
 .debug_abbrev  0x00000000000006a1      0x39a Drivers/STM32F1xx_HAL_Driver/Src/stm32f1xx_hal_pcd.o
 .debug_abbrev  0x0000000000000a3b      0x1f5 Drivers/STM32F1xx_HAL_Driver/Src/stm32f1xx_hal_pcd_ex.o
 .debug_abbrev  0x0000000000000c30      0x367 Drivers/STM32F1xx_HAL_Driver/Src/stm32f1xx_hal_rcc.o
 .debug_abbrev  0x0000000000000f97      0x277 Drivers/STM32F1xx_HAL_Driver/Src/stm32f1xx_hal_rcc_ex.o
 .debug_abbrev  0x000000000000120e      0x31c Drivers/STM32F1xx_HAL_Driver/Src/stm32f1xx_ll_usb.o
 .debug_abbrev  0x000000000000152a      0x2e8 Middlewares/ST/STM32_USB_Device_Library/Class/CDC/Src/usbd_cdc.o
 .debug_abbrev  0x0000000000001812      0x308 Middlewares/ST/STM32_USB_Device_Library/Core/Src/usbd_core.o
 .debug_abbrev  0x0000000000001b1a      0x3aa Middlewares/ST/STM32_USB_Device_Library/Core/Src/usbd_ctlreq.o
 .debug_abbrev  0x0000000000001ec4      0x1da Middlewares/ST/STM32_USB_Device_Library/Core/Src/usbd_ioreq.o
 .debug_abbrev  0x000000000000209e      0x2f0 Src/main.o
 .debug_abbrev  0x000000000000238e      0x200 Src/stm32f1xx_hal_msp.o
 .debug_abbrev  0x000000000000258e      0x21e Src/stm32f1xx_it.o
 .debug_abbrev  0x00000000000027ac      0x1eb Src/system_stm32f1xx.o
 .debug_abbrev  0x0000000000002997      0x1e5 Src/usb_device.o
 .debug_abbrev  0x0000000000002b7c      0x2b0 Src/usbd_cdc_if.o
 .debug_abbrev  0x0000000000002e2c      0x2ea Src/usbd_conf.o
 .debug_abbrev  0x0000000000003116      0x27b Src/usbd_desc.o
 .debug_abbrev  0x0000000000003391       0x12 startup/startup_stm32f103xb.o

.debug_loc      0x0000000000000000     0x4592
 .debug_loc     0x0000000000000000      0x11b Drivers/STM32F1xx_HAL_Driver/Src/stm32f1xx_hal.o
 .debug_loc     0x000000000000011b      0x46b Drivers/STM32F1xx_HAL_Driver/Src/stm32f1xx_hal_cortex.o
 .debug_loc     0x0000000000000586      0x995 Drivers/STM32F1xx_HAL_Driver/Src/stm32f1xx_hal_pcd.o
 .debug_loc     0x0000000000000f1b       0xe0 Drivers/STM32F1xx_HAL_Driver/Src/stm32f1xx_hal_pcd_ex.o
 .debug_loc     0x0000000000000ffb      0x4c3 Drivers/STM32F1xx_HAL_Driver/Src/stm32f1xx_hal_rcc.o
 .debug_loc     0x00000000000014be      0x29d Drivers/STM32F1xx_HAL_Driver/Src/stm32f1xx_hal_rcc_ex.o
 .debug_loc     0x000000000000175b      0xb9c Drivers/STM32F1xx_HAL_Driver/Src/stm32f1xx_ll_usb.o
 .debug_loc     0x00000000000022f7      0x4cf Middlewares/ST/STM32_USB_Device_Library/Class/CDC/Src/usbd_cdc.o
 .debug_loc     0x00000000000027c6      0x5f2 Middlewares/ST/STM32_USB_Device_Library/Core/Src/usbd_core.o
 .debug_loc     0x0000000000002db8      0x7cd Middlewares/ST/STM32_USB_Device_Library/Core/Src/usbd_ctlreq.o
 .debug_loc     0x0000000000003585      0x23c Middlewares/ST/STM32_USB_Device_Library/Core/Src/usbd_ioreq.o
 .debug_loc     0x00000000000037c1       0x20 Src/main.o
 .debug_loc     0x00000000000037e1       0xcd Src/system_stm32f1xx.o
 .debug_loc     0x00000000000038ae      0x10c Src/usbd_cdc_if.o
 .debug_loc     0x00000000000039ba      0x965 Src/usbd_conf.o
 .debug_loc     0x000000000000431f      0x273 Src/usbd_desc.o

.debug_aranges  0x0000000000000000      0x860
 .debug_aranges
                0x0000000000000000       0xc8 Drivers/STM32F1xx_HAL_Driver/Src/stm32f1xx_hal.o
 .debug_aranges
                0x00000000000000c8       0x90 Drivers/STM32F1xx_HAL_Driver/Src/stm32f1xx_hal_cortex.o
 .debug_aranges
                0x0000000000000158       0xc0 Drivers/STM32F1xx_HAL_Driver/Src/stm32f1xx_hal_pcd.o
 .debug_aranges
                0x0000000000000218       0x28 Drivers/STM32F1xx_HAL_Driver/Src/stm32f1xx_hal_pcd_ex.o
 .debug_aranges
                0x0000000000000240       0x88 Drivers/STM32F1xx_HAL_Driver/Src/stm32f1xx_hal_rcc.o
 .debug_aranges
                0x00000000000002c8       0x30 Drivers/STM32F1xx_HAL_Driver/Src/stm32f1xx_hal_rcc_ex.o
 .debug_aranges
                0x00000000000002f8       0xe0 Drivers/STM32F1xx_HAL_Driver/Src/stm32f1xx_ll_usb.o
 .debug_aranges
                0x00000000000003d8       0x90 Middlewares/ST/STM32_USB_Device_Library/Class/CDC/Src/usbd_cdc.o
 .debug_aranges
                0x0000000000000468       0xa8 Middlewares/ST/STM32_USB_Device_Library/Core/Src/usbd_core.o
 .debug_aranges
                0x0000000000000510       0x50 Middlewares/ST/STM32_USB_Device_Library/Core/Src/usbd_ctlreq.o
 .debug_aranges
                0x0000000000000560       0x50 Middlewares/ST/STM32_USB_Device_Library/Core/Src/usbd_ioreq.o
 .debug_aranges
                0x00000000000005b0       0x30 Src/main.o
 .debug_aranges
                0x00000000000005e0       0x20 Src/stm32f1xx_hal_msp.o
 .debug_aranges
                0x0000000000000600       0x50 Src/stm32f1xx_it.o
 .debug_aranges
                0x0000000000000650       0x28 Src/system_stm32f1xx.o
 .debug_aranges
                0x0000000000000678       0x20 Src/usb_device.o
 .debug_aranges
                0x0000000000000698       0x40 Src/usbd_cdc_if.o
 .debug_aranges
                0x00000000000006d8      0x110 Src/usbd_conf.o
 .debug_aranges
                0x00000000000007e8       0x50 Src/usbd_desc.o
 .debug_aranges
                0x0000000000000838       0x28 startup/startup_stm32f103xb.o

.debug_ranges   0x0000000000000000      0xb08
 .debug_ranges  0x0000000000000000       0xb8 Drivers/STM32F1xx_HAL_Driver/Src/stm32f1xx_hal.o
 .debug_ranges  0x00000000000000b8      0x128 Drivers/STM32F1xx_HAL_Driver/Src/stm32f1xx_hal_cortex.o
 .debug_ranges  0x00000000000001e0      0x118 Drivers/STM32F1xx_HAL_Driver/Src/stm32f1xx_hal_pcd.o
 .debug_ranges  0x00000000000002f8       0x18 Drivers/STM32F1xx_HAL_Driver/Src/stm32f1xx_hal_pcd_ex.o
 .debug_ranges  0x0000000000000310       0xa0 Drivers/STM32F1xx_HAL_Driver/Src/stm32f1xx_hal_rcc.o
 .debug_ranges  0x00000000000003b0       0x40 Drivers/STM32F1xx_HAL_Driver/Src/stm32f1xx_hal_rcc_ex.o
 .debug_ranges  0x00000000000003f0      0x260 Drivers/STM32F1xx_HAL_Driver/Src/stm32f1xx_ll_usb.o
 .debug_ranges  0x0000000000000650       0x80 Middlewares/ST/STM32_USB_Device_Library/Class/CDC/Src/usbd_cdc.o
 .debug_ranges  0x00000000000006d0       0x98 Middlewares/ST/STM32_USB_Device_Library/Core/Src/usbd_core.o
 .debug_ranges  0x0000000000000768       0xc0 Middlewares/ST/STM32_USB_Device_Library/Core/Src/usbd_ctlreq.o
 .debug_ranges  0x0000000000000828       0x40 Middlewares/ST/STM32_USB_Device_Library/Core/Src/usbd_ioreq.o
 .debug_ranges  0x0000000000000868       0x50 Src/main.o
 .debug_ranges  0x00000000000008b8       0x30 Src/stm32f1xx_hal_msp.o
 .debug_ranges  0x00000000000008e8       0x40 Src/stm32f1xx_it.o
 .debug_ranges  0x0000000000000928       0x18 Src/system_stm32f1xx.o
 .debug_ranges  0x0000000000000940       0x10 Src/usb_device.o
 .debug_ranges  0x0000000000000950       0x30 Src/usbd_cdc_if.o
 .debug_ranges  0x0000000000000980      0x128 Src/usbd_conf.o
 .debug_ranges  0x0000000000000aa8       0x40 Src/usbd_desc.o
 .debug_ranges  0x0000000000000ae8       0x20 startup/startup_stm32f103xb.o

.debug_line     0x0000000000000000     0x6319
 .debug_line    0x0000000000000000      0x45f Drivers/STM32F1xx_HAL_Driver/Src/stm32f1xx_hal.o
 .debug_line    0x000000000000045f      0x432 Drivers/STM32F1xx_HAL_Driver/Src/stm32f1xx_hal_cortex.o
 .debug_line    0x0000000000000891      0x6ef Drivers/STM32F1xx_HAL_Driver/Src/stm32f1xx_hal_pcd.o
 .debug_line    0x0000000000000f80      0x2ec Drivers/STM32F1xx_HAL_Driver/Src/stm32f1xx_hal_pcd_ex.o
 .debug_line    0x000000000000126c      0x633 Drivers/STM32F1xx_HAL_Driver/Src/stm32f1xx_hal_rcc.o
 .debug_line    0x000000000000189f      0x3cc Drivers/STM32F1xx_HAL_Driver/Src/stm32f1xx_hal_rcc_ex.o
 .debug_line    0x0000000000001c6b      0x615 Drivers/STM32F1xx_HAL_Driver/Src/stm32f1xx_ll_usb.o
 .debug_line    0x0000000000002280      0x50c Middlewares/ST/STM32_USB_Device_Library/Class/CDC/Src/usbd_cdc.o
 .debug_line    0x000000000000278c      0x4f6 Middlewares/ST/STM32_USB_Device_Library/Core/Src/usbd_core.o
 .debug_line    0x0000000000002c82      0x476 Middlewares/ST/STM32_USB_Device_Library/Core/Src/usbd_ctlreq.o
 .debug_line    0x00000000000030f8      0x38c Middlewares/ST/STM32_USB_Device_Library/Core/Src/usbd_ioreq.o
 .debug_line    0x0000000000003484      0x985 Src/main.o
 .debug_line    0x0000000000003e09      0x28e Src/stm32f1xx_hal_msp.o
 .debug_line    0x0000000000004097      0x337 Src/stm32f1xx_it.o
 .debug_line    0x00000000000043ce      0x288 Src/system_stm32f1xx.o
 .debug_line    0x0000000000004656      0x92d Src/usb_device.o
 .debug_line    0x0000000000004f83      0x95c Src/usbd_cdc_if.o
 .debug_line    0x00000000000058df      0x651 Src/usbd_conf.o
 .debug_line    0x0000000000005f30      0x36c Src/usbd_desc.o
 .debug_line    0x000000000000629c       0x7d startup/startup_stm32f103xb.o

.debug_str      0x0000000000000000    0x6cd71
 .debug_str     0x0000000000000000      0xad3 Drivers/STM32F1xx_HAL_Driver/Src/stm32f1xx_hal.o
                                        0xc74 (size before relaxing)
 .debug_str     0x0000000000000ad3      0x2e1 Drivers/STM32F1xx_HAL_Driver/Src/stm32f1xx_hal_cortex.o
                                        0xd22 (size before relaxing)
 .debug_str     0x0000000000000db4      0x7ce Drivers/STM32F1xx_HAL_Driver/Src/stm32f1xx_hal_pcd.o
                                        0xe89 (size before relaxing)
 .debug_str     0x0000000000001582       0x57 Drivers/STM32F1xx_HAL_Driver/Src/stm32f1xx_hal_pcd_ex.o
                                        0x9b4 (size before relaxing)
 .debug_str     0x00000000000015d9      0x359 Drivers/STM32F1xx_HAL_Driver/Src/stm32f1xx_hal_rcc.o
                                        0xa6d (size before relaxing)
 .debug_str     0x0000000000001932      0x12b Drivers/STM32F1xx_HAL_Driver/Src/stm32f1xx_hal_rcc_ex.o
                                        0x84a (size before relaxing)
 .debug_str     0x0000000000001a5d      0x15b Drivers/STM32F1xx_HAL_Driver/Src/stm32f1xx_ll_usb.o
                                        0xb87 (size before relaxing)
 .debug_str     0x0000000000001bb8      0x622 Middlewares/ST/STM32_USB_Device_Library/Class/CDC/Src/usbd_cdc.o
                                        0xd33 (size before relaxing)
 .debug_str     0x00000000000021da      0x294 Middlewares/ST/STM32_USB_Device_Library/Core/Src/usbd_core.o
                                        0xca5 (size before relaxing)
 .debug_str     0x000000000000246e      0x12e Middlewares/ST/STM32_USB_Device_Library/Core/Src/usbd_ctlreq.o
                                        0xbbf (size before relaxing)
 .debug_str     0x000000000000259c       0x51 Middlewares/ST/STM32_USB_Device_Library/Core/Src/usbd_ioreq.o
                                        0xaec (size before relaxing)
 .debug_str     0x00000000000025ed    0x6a42a Src/main.o
                                      0x6b522 (size before relaxing)
 .debug_str     0x000000000006ca17       0x3f Src/stm32f1xx_hal_msp.o
                                        0x9aa (size before relaxing)
 .debug_str     0x000000000006ca56       0xb2 Src/stm32f1xx_it.o
                                        0x9f8 (size before relaxing)
 .debug_str     0x000000000006cb08       0x4d Src/system_stm32f1xx.o
                                        0x6f8 (size before relaxing)
 .debug_str     0x000000000006cb55       0x26 Src/usb_device.o
                                      0x6af8e (size before relaxing)
 .debug_str     0x000000000006cb7b       0x97 Src/usbd_cdc_if.o
                                      0x6b08f (size before relaxing)
 .debug_str     0x000000000006cc12       0x51 Src/usbd_conf.o
                                       0x1586 (size before relaxing)
 .debug_str     0x000000000006cc63      0x10e Src/usbd_desc.o
                                        0x860 (size before relaxing)

.comment        0x0000000000000000       0xf7
 .comment       0x0000000000000000       0x7c Drivers/STM32F1xx_HAL_Driver/Src/stm32f1xx_hal.o
                                         0x7d (size before relaxing)
 .comment       0x000000000000007c       0x7d Drivers/STM32F1xx_HAL_Driver/Src/stm32f1xx_hal_cortex.o
 .comment       0x000000000000007c       0x7d Drivers/STM32F1xx_HAL_Driver/Src/stm32f1xx_hal_pcd.o
 .comment       0x000000000000007c       0x7d Drivers/STM32F1xx_HAL_Driver/Src/stm32f1xx_hal_pcd_ex.o
 .comment       0x000000000000007c       0x7d Drivers/STM32F1xx_HAL_Driver/Src/stm32f1xx_hal_rcc.o
 .comment       0x000000000000007c       0x7d Drivers/STM32F1xx_HAL_Driver/Src/stm32f1xx_hal_rcc_ex.o
 .comment       0x000000000000007c       0x7d Drivers/STM32F1xx_HAL_Driver/Src/stm32f1xx_ll_usb.o
 .comment       0x000000000000007c       0x7d Middlewares/ST/STM32_USB_Device_Library/Class/CDC/Src/usbd_cdc.o
 .comment       0x000000000000007c       0x7d Middlewares/ST/STM32_USB_Device_Library/Core/Src/usbd_core.o
 .comment       0x000000000000007c       0x7d Middlewares/ST/STM32_USB_Device_Library/Core/Src/usbd_ctlreq.o
 .comment       0x000000000000007c       0x7d Middlewares/ST/STM32_USB_Device_Library/Core/Src/usbd_ioreq.o
 .comment       0x000000000000007c       0x7b Src/main.o
                                         0x7c (size before relaxing)
 .comment       0x00000000000000f7       0x7d Src/stm32f1xx_hal_msp.o
 .comment       0x00000000000000f7       0x7d Src/stm32f1xx_it.o
 .comment       0x00000000000000f7       0x7d Src/system_stm32f1xx.o
 .comment       0x00000000000000f7       0x7c Src/usb_device.o
 .comment       0x00000000000000f7       0x7c Src/usbd_cdc_if.o
 .comment       0x00000000000000f7       0x7d Src/usbd_conf.o
 .comment       0x00000000000000f7       0x7d Src/usbd_desc.o

.debug_frame    0x0000000000000000     0x13b0
 .debug_frame   0x0000000000000000      0x1b0 Drivers/STM32F1xx_HAL_Driver/Src/stm32f1xx_hal.o
 .debug_frame   0x00000000000001b0      0x120 Drivers/STM32F1xx_HAL_Driver/Src/stm32f1xx_hal_cortex.o
 .debug_frame   0x00000000000002d0      0x2c4 Drivers/STM32F1xx_HAL_Driver/Src/stm32f1xx_hal_pcd.o
 .debug_frame   0x0000000000000594       0x30 Drivers/STM32F1xx_HAL_Driver/Src/stm32f1xx_hal_pcd_ex.o
 .debug_frame   0x00000000000005c4      0x150 Drivers/STM32F1xx_HAL_Driver/Src/stm32f1xx_hal_rcc.o
 .debug_frame   0x0000000000000714       0x6c Drivers/STM32F1xx_HAL_Driver/Src/stm32f1xx_hal_rcc_ex.o
 .debug_frame   0x0000000000000780      0x22c Drivers/STM32F1xx_HAL_Driver/Src/stm32f1xx_ll_usb.o
 .debug_frame   0x00000000000009ac      0x14c Middlewares/ST/STM32_USB_Device_Library/Class/CDC/Src/usbd_cdc.o
 .debug_frame   0x0000000000000af8      0x1c0 Middlewares/ST/STM32_USB_Device_Library/Core/Src/usbd_core.o
 .debug_frame   0x0000000000000cb8       0xcc Middlewares/ST/STM32_USB_Device_Library/Core/Src/usbd_ctlreq.o
 .debug_frame   0x0000000000000d84       0xb8 Middlewares/ST/STM32_USB_Device_Library/Core/Src/usbd_ioreq.o
 .debug_frame   0x0000000000000e3c       0x5c Src/main.o
 .debug_frame   0x0000000000000e98       0x28 Src/stm32f1xx_hal_msp.o
 .debug_frame   0x0000000000000ec0       0xbc Src/stm32f1xx_it.o
 .debug_frame   0x0000000000000f7c       0x30 Src/system_stm32f1xx.o
 .debug_frame   0x0000000000000fac       0x2c Src/usb_device.o
 .debug_frame   0x0000000000000fd8       0x80 Src/usbd_cdc_if.o
 .debug_frame   0x0000000000001058      0x284 Src/usbd_conf.o
 .debug_frame   0x00000000000012dc       0xa8 Src/usbd_desc.o
 .debug_frame   0x0000000000001384       0x2c c:/st/stm32cubeide_1.0.2/stm32cubeide/plugins/com.st.stm32cube.ide.mcu.externaltools.gnu-tools-for-stm32.7-2018-q2-update.win32_1.0.0.201904181610/tools/bin/../lib/gcc/arm-none-eabi/7.3.1/../../../../arm-none-eabi/lib/thumb/v7-m\libc_nano.a(lib_a-init.o)

.debug_macro    0x0000000000000000    0x138ae
 .debug_macro   0x0000000000000000      0x3d2 Src/main.o
 .debug_macro   0x00000000000003d2      0xa66 Src/main.o
 .debug_macro   0x0000000000000e38       0x10 Src/main.o
 .debug_macro   0x0000000000000e48      0x163 Src/main.o
 .debug_macro   0x0000000000000fab       0x2e Src/main.o
 .debug_macro   0x0000000000000fd9       0x22 Src/main.o
 .debug_macro   0x0000000000000ffb       0x22 Src/main.o
 .debug_macro   0x000000000000101d       0x8e Src/main.o
 .debug_macro   0x00000000000010ab       0x51 Src/main.o
 .debug_macro   0x00000000000010fc       0xef Src/main.o
 .debug_macro   0x00000000000011eb       0x6a Src/main.o
 .debug_macro   0x0000000000001255      0x1df Src/main.o
 .debug_macro   0x0000000000001434       0x34 Src/main.o
 .debug_macro   0x0000000000001468       0x34 Src/main.o
 .debug_macro   0x000000000000149c      0xb8e Src/main.o
 .debug_macro   0x000000000000202a     0xe90a Src/main.o
 .debug_macro   0x0000000000010934       0x43 Src/main.o
 .debug_macro   0x0000000000010977       0x46 Src/main.o
 .debug_macro   0x00000000000109bd       0x18 Src/main.o
 .debug_macro   0x00000000000109d5       0x3c Src/main.o
 .debug_macro   0x0000000000010a11       0x34 Src/main.o
 .debug_macro   0x0000000000010a45       0x16 Src/main.o
 .debug_macro   0x0000000000010a5b       0x97 Src/main.o
 .debug_macro   0x0000000000010af2      0x330 Src/main.o
 .debug_macro   0x0000000000010e22       0xfd Src/main.o
 .debug_macro   0x0000000000010f1f       0x10 Src/main.o
 .debug_macro   0x0000000000010f2f       0x52 Src/main.o
 .debug_macro   0x0000000000010f81       0x1f Src/main.o
 .debug_macro   0x0000000000010fa0       0x43 Src/main.o
 .debug_macro   0x0000000000010fe3       0x20 Src/main.o
 .debug_macro   0x0000000000011003      0x1a3 Src/main.o
 .debug_macro   0x00000000000111a6       0x10 Src/main.o
 .debug_macro   0x00000000000111b6       0x1c Src/main.o
 .debug_macro   0x00000000000111d2       0x52 Src/main.o
 .debug_macro   0x0000000000011224       0x40 Src/main.o
 .debug_macro   0x0000000000011264       0x10 Src/main.o
 .debug_macro   0x0000000000011274       0x40 Src/main.o
 .debug_macro   0x00000000000112b4       0xd7 Src/main.o
 .debug_macro   0x000000000001138b       0x1c Src/main.o
 .debug_macro   0x00000000000113a7       0x3d Src/main.o
 .debug_macro   0x00000000000113e4       0x16 Src/main.o
 .debug_macro   0x00000000000113fa      0x145 Src/main.o
 .debug_macro   0x000000000001153f       0x50 Src/main.o
 .debug_macro   0x000000000001158f      0x5c2 Src/main.o
 .debug_macro   0x0000000000011b51      0x28a Src/main.o
 .debug_macro   0x0000000000011ddb      0x1cb Src/main.o
 .debug_macro   0x0000000000011fa6      0x11e Src/main.o
 .debug_macro   0x00000000000120c4      0x1b3 Src/main.o
 .debug_macro   0x0000000000012277       0x27 Src/main.o
 .debug_macro   0x000000000001229e      0x1bc Src/main.o
 .debug_macro   0x000000000001245a       0x34 Src/main.o
 .debug_macro   0x000000000001248e       0x3c Src/main.o
 .debug_macro   0x00000000000124ca       0x57 Src/main.o
 .debug_macro   0x0000000000012521       0x8c Src/main.o
 .debug_macro   0x00000000000125ad      0x242 Src/main.o
 .debug_macro   0x00000000000127ef      0x143 Src/main.o
 .debug_macro   0x0000000000012932       0x50 Src/main.o
 .debug_macro   0x0000000000012982      0x26c Src/main.o
 .debug_macro   0x0000000000012bee       0x83 Src/main.o
 .debug_macro   0x0000000000012c71       0x16 Src/main.o
 .debug_macro   0x0000000000012c87       0x35 Src/main.o
 .debug_macro   0x0000000000012cbc       0x16 Src/main.o
 .debug_macro   0x0000000000012cd2       0x29 Src/main.o
 .debug_macro   0x0000000000012cfb       0x16 Src/main.o
 .debug_macro   0x0000000000012d11       0x20 Src/main.o
 .debug_macro   0x0000000000012d31       0x6a Src/main.o
 .debug_macro   0x0000000000012d9b      0x1c3 Src/main.o
 .debug_macro   0x0000000000012f5e       0x83 Src/main.o
 .debug_macro   0x0000000000012fe1      0x3dc Src/usb_device.o
 .debug_macro   0x00000000000133bd      0x3c6 Src/usbd_cdc_if.o
 .debug_macro   0x0000000000013783       0x40 Src/usbd_cdc_if.o
 .debug_macro   0x00000000000137c3       0x94 Src/usbd_cdc_if.o
 .debug_macro   0x0000000000013857       0x57 Src/usbd_cdc_if.o
