Archive member included to satisfy reference by file (symbol)

c:/st/stm32cubeide_1.0.2/stm32cubeide/plugins/com.st.stm32cube.ide.mcu.externaltools.gnu-tools-for-stm32.7-2018-q2-update.win32_1.0.0.201904181610/tools/bin/../lib/gcc/arm-none-eabi/7.3.1/../../../../arm-none-eabi/lib/thumb/v7-m\libc_nano.a(lib_a-exit.o)
                              c:/st/stm32cubeide_1.0.2/stm32cubeide/plugins/com.st.stm32cube.ide.mcu.externaltools.gnu-tools-for-stm32.7-2018-q2-update.win32_1.0.0.201904181610/tools/bin/../lib/gcc/arm-none-eabi/7.3.1/../../../../arm-none-eabi/lib/thumb/v7-m/crt0.o (exit)
c:/st/stm32cubeide_1.0.2/stm32cubeide/plugins/com.st.stm32cube.ide.mcu.externaltools.gnu-tools-for-stm32.7-2018-q2-update.win32_1.0.0.201904181610/tools/bin/../lib/gcc/arm-none-eabi/7.3.1/../../../../arm-none-eabi/lib/thumb/v7-m\libc_nano.a(lib_a-impure.o)
                              c:/st/stm32cubeide_1.0.2/stm32cubeide/plugins/com.st.stm32cube.ide.mcu.externaltools.gnu-tools-for-stm32.7-2018-q2-update.win32_1.0.0.201904181610/tools/bin/../lib/gcc/arm-none-eabi/7.3.1/../../../../arm-none-eabi/lib/thumb/v7-m\libc_nano.a(lib_a-exit.o) (_global_impure_ptr)
c:/st/stm32cubeide_1.0.2/stm32cubeide/plugins/com.st.stm32cube.ide.mcu.externaltools.gnu-tools-for-stm32.7-2018-q2-update.win32_1.0.0.201904181610/tools/bin/../lib/gcc/arm-none-eabi/7.3.1/../../../../arm-none-eabi/lib/thumb/v7-m\libc_nano.a(lib_a-init.o)
                              c:/st/stm32cubeide_1.0.2/stm32cubeide/plugins/com.st.stm32cube.ide.mcu.externaltools.gnu-tools-for-stm32.7-2018-q2-update.win32_1.0.0.201904181610/tools/bin/../lib/gcc/arm-none-eabi/7.3.1/../../../../arm-none-eabi/lib/thumb/v7-m/crt0.o (__libc_init_array)
c:/st/stm32cubeide_1.0.2/stm32cubeide/plugins/com.st.stm32cube.ide.mcu.externaltools.gnu-tools-for-stm32.7-2018-q2-update.win32_1.0.0.201904181610/tools/bin/../lib/gcc/arm-none-eabi/7.3.1/../../../../arm-none-eabi/lib/thumb/v7-m\libc_nano.a(lib_a-memset.o)
                              c:/st/stm32cubeide_1.0.2/stm32cubeide/plugins/com.st.stm32cube.ide.mcu.externaltools.gnu-tools-for-stm32.7-2018-q2-update.win32_1.0.0.201904181610/tools/bin/../lib/gcc/arm-none-eabi/7.3.1/../../../../arm-none-eabi/lib/thumb/v7-m/crt0.o (memset)
c:/st/stm32cubeide_1.0.2/stm32cubeide/plugins/com.st.stm32cube.ide.mcu.externaltools.gnu-tools-for-stm32.7-2018-q2-update.win32_1.0.0.201904181610/tools/bin/../lib/gcc/arm-none-eabi/7.3.1/../../../../arm-none-eabi/lib/thumb/v7-m\libc_nano.a(lib_a-reent.o)
                              src/syscalls.o (errno)
c:/st/stm32cubeide_1.0.2/stm32cubeide/plugins/com.st.stm32cube.ide.mcu.externaltools.gnu-tools-for-stm32.7-2018-q2-update.win32_1.0.0.201904181610/tools/bin/../lib/gcc/arm-none-eabi/7.3.1/../../../../arm-none-eabi/lib/thumb/v7-m\libc_nano.a(lib_a-strlen.o)
                              src/tiny_printf.o (strlen)
c:/st/stm32cubeide_1.0.2/stm32cubeide/plugins/com.st.stm32cube.ide.mcu.externaltools.gnu-tools-for-stm32.7-2018-q2-update.win32_1.0.0.201904181610/tools/bin/../lib/gcc/arm-none-eabi/7.3.1/../../../../arm-none-eabi/lib/thumb/v7-m\libc_nano.a(lib_a-nano-freer.o)
                              c:/st/stm32cubeide_1.0.2/stm32cubeide/plugins/com.st.stm32cube.ide.mcu.externaltools.gnu-tools-for-stm32.7-2018-q2-update.win32_1.0.0.201904181610/tools/bin/../lib/gcc/arm-none-eabi/7.3.1/../../../../arm-none-eabi/lib/thumb/v7-m\libc_nano.a(lib_a-reent.o) (_free_r)
c:/st/stm32cubeide_1.0.2/stm32cubeide/plugins/com.st.stm32cube.ide.mcu.externaltools.gnu-tools-for-stm32.7-2018-q2-update.win32_1.0.0.201904181610/tools/bin/../lib/gcc/arm-none-eabi/7.3.1/../../../../arm-none-eabi/lib/thumb/v7-m\libc_nano.a(lib_a-nano-mallocr.o)
                              c:/st/stm32cubeide_1.0.2/stm32cubeide/plugins/com.st.stm32cube.ide.mcu.externaltools.gnu-tools-for-stm32.7-2018-q2-update.win32_1.0.0.201904181610/tools/bin/../lib/gcc/arm-none-eabi/7.3.1/../../../../arm-none-eabi/lib/thumb/v7-m\libc_nano.a(lib_a-nano-freer.o) (__malloc_free_list)
c:/st/stm32cubeide_1.0.2/stm32cubeide/plugins/com.st.stm32cube.ide.mcu.externaltools.gnu-tools-for-stm32.7-2018-q2-update.win32_1.0.0.201904181610/tools/bin/../lib/gcc/arm-none-eabi/7.3.1/../../../../arm-none-eabi/lib/thumb/v7-m\libc_nano.a(lib_a-sbrkr.o)
                              c:/st/stm32cubeide_1.0.2/stm32cubeide/plugins/com.st.stm32cube.ide.mcu.externaltools.gnu-tools-for-stm32.7-2018-q2-update.win32_1.0.0.201904181610/tools/bin/../lib/gcc/arm-none-eabi/7.3.1/../../../../arm-none-eabi/lib/thumb/v7-m\libc_nano.a(lib_a-nano-mallocr.o) (_sbrk_r)
c:/st/stm32cubeide_1.0.2/stm32cubeide/plugins/com.st.stm32cube.ide.mcu.externaltools.gnu-tools-for-stm32.7-2018-q2-update.win32_1.0.0.201904181610/tools/bin/../lib/gcc/arm-none-eabi/7.3.1/../../../../arm-none-eabi/lib/thumb/v7-m\libc_nano.a(lib_a-mlock.o)
[...]
Memory Configuration

Name             Origin             Length             Attributes
FLASH            0x0000000008000000 0x0000000000010000 xr
RAM              0x0000000020000000 0x0000000000005000 xrw
MEMORY_B1        0x0000000060000000 0x0000000000000000 xr
*default*        0x0000000000000000 0xffffffffffffffff

Linker script and memory map

LOAD c:/st/stm32cubeide_1.0.2/stm32cubeide/plugins/com.st.stm32cube.ide.mcu.externaltools.gnu-tools-for-stm32.7-2018-q2-update.win32_1.0.0.201904181610/tools/bin/../lib/gcc/arm-none-eabi/7.3.1/thumb/v7-m/crti.o
LOAD c:/st/stm32cubeide_1.0.2/stm32cubeide/plugins/com.st.stm32cube.ide.mcu.externaltools.gnu-tools-for-stm32.7-2018-q2-update.win32_1.0.0.201904181610/tools/bin/../lib/gcc/arm-none-eabi/7.3.1/thumb/v7-m/crtbegin.o
LOAD c:/st/stm32cubeide_1.0.2/stm32cubeide/plugins/com.st.stm32cube.ide.mcu.externaltools.gnu-tools-for-stm32.7-2018-q2-update.win32_1.0.0.201904181610/tools/bin/../lib/gcc/arm-none-eabi/7.3.1/../../../../arm-none-eabi/lib/thumb/v7-m/crt0.o
LOAD Libraries/STM32F10x_StdPeriph_Driver/src/misc.o
LOAD Libraries/STM32F10x_StdPeriph_Driver/src/stm32f10x_adc.o
LOAD Libraries/STM32F10x_StdPeriph_Driver/src/stm32f10x_bkp.o
LOAD Libraries/STM32F10x_StdPeriph_Driver/src/stm32f10x_can.o
LOAD Libraries/STM32F10x_StdPeriph_Driver/src/stm32f10x_cec.o
LOAD Libraries/STM32F10x_StdPeriph_Driver/src/stm32f10x_crc.o
LOAD Libraries/STM32F10x_StdPeriph_Driver/src/stm32f10x_dac.o
LOAD Libraries/STM32F10x_StdPeriph_Driver/src/stm32f10x_dbgmcu.o
LOAD Libraries/STM32F10x_StdPeriph_Driver/src/stm32f10x_dma.o
LOAD Libraries/STM32F10x_StdPeriph_Driver/src/stm32f10x_exti.o
LOAD Libraries/STM32F10x_StdPeriph_Driver/src/stm32f10x_flash.o
LOAD Libraries/STM32F10x_StdPeriph_Driver/src/stm32f10x_fsmc.o
LOAD Libraries/STM32F10x_StdPeriph_Driver/src/stm32f10x_gpio.o
LOAD Libraries/STM32F10x_StdPeriph_Driver/src/stm32f10x_i2c.o
LOAD Libraries/STM32F10x_StdPeriph_Driver/src/stm32f10x_iwdg.o
LOAD Libraries/STM32F10x_StdPeriph_Driver/src/stm32f10x_pwr.o
LOAD Libraries/STM32F10x_StdPeriph_Driver/src/stm32f10x_rcc.o
LOAD Libraries/STM32F10x_StdPeriph_Driver/src/stm32f10x_rtc.o
LOAD Libraries/STM32F10x_StdPeriph_Driver/src/stm32f10x_sdio.o
LOAD Libraries/STM32F10x_StdPeriph_Driver/src/stm32f10x_spi.o
LOAD Libraries/STM32F10x_StdPeriph_Driver/src/stm32f10x_tim.o
LOAD Libraries/STM32F10x_StdPeriph_Driver/src/stm32f10x_usart.o
LOAD Libraries/STM32F10x_StdPeriph_Driver/src/stm32f10x_wwdg.o
LOAD src/atraso.o
LOAD src/main.o
LOAD src/startup_stm32f10x_md.o
LOAD src/stm32f1xx_it.o
LOAD src/syscalls.o
LOAD src/system_stm32f10x.o
LOAD src/tiny_printf.o
LOAD src/usart.o
START GROUP
LOAD c:/st/stm32cubeide_1.0.2/stm32cubeide/plugins/com.st.stm32cube.ide.mcu.externaltools.gnu-tools-for-stm32.7-2018-q2-update.win32_1.0.0.201904181610/tools/bin/../lib/gcc/arm-none-eabi/7.3.1/../../../../arm-none-eabi/lib/thumb/v7-m\libc_nano.a
LOAD c:/st/stm32cubeide_1.0.2/stm32cubeide/plugins/com.st.stm32cube.ide.mcu.externaltools.gnu-tools-for-stm32.7-2018-q2-update.win32_1.0.0.201904181610/tools/bin/../lib/gcc/arm-none-eabi/7.3.1/../../../../arm-none-eabi/lib/thumb/v7-m\libm.a
END GROUP
START GROUP
LOAD c:/st/stm32cubeide_1.0.2/stm32cubeide/plugins/com.st.stm32cube.ide.mcu.externaltools.gnu-tools-for-stm32.7-2018-q2-update.win32_1.0.0.201904181610/tools/bin/../lib/gcc/arm-none-eabi/7.3.1/thumb/v7-m\libgcc.a
LOAD c:/st/stm32cubeide_1.0.2/stm32cubeide/plugins/com.st.stm32cube.ide.mcu.externaltools.gnu-tools-for-stm32.7-2018-q2-update.win32_1.0.0.201904181610/tools/bin/../lib/gcc/arm-none-eabi/7.3.1/../../../../arm-none-eabi/lib/thumb/v7-m\libc_nano.a
END GROUP
START GROUP
LOAD c:/st/stm32cubeide_1.0.2/stm32cubeide/plugins/com.st.stm32cube.ide.mcu.externaltools.gnu-tools-for-stm32.7-2018-q2-update.win32_1.0.0.201904181610/tools/bin/../lib/gcc/arm-none-eabi/7.3.1/thumb/v7-m\libgcc.a
LOAD c:/st/stm32cubeide_1.0.2/stm32cubeide/plugins/com.st.stm32cube.ide.mcu.externaltools.gnu-tools-for-stm32.7-2018-q2-update.win32_1.0.0.201904181610/tools/bin/../lib/gcc/arm-none-eabi/7.3.1/../../../../arm-none-eabi/lib/thumb/v7-m\libc_nano.a
LOAD c:/st/stm32cubeide_1.0.2/stm32cubeide/plugins/com.st.stm32cube.ide.mcu.externaltools.gnu-tools-for-stm32.7-2018-q2-update.win32_1.0.0.201904181610/tools/bin/../lib/gcc/arm-none-eabi/7.3.1/../../../../arm-none-eabi/lib/thumb/v7-m\libnosys.a
END GROUP
START GROUP
LOAD c:/st/stm32cubeide_1.0.2/stm32cubeide/plugins/com.st.stm32cube.ide.mcu.externaltools.gnu-tools-for-stm32.7-2018-q2-update.win32_1.0.0.201904181610/tools/bin/../lib/gcc/arm-none-eabi/7.3.1/thumb/v7-m\libgcc.a
LOAD c:/st/stm32cubeide_1.0.2/stm32cubeide/plugins/com.st.stm32cube.ide.mcu.externaltools.gnu-tools-for-stm32.7-2018-q2-update.win32_1.0.0.201904181610/tools/bin/../lib/gcc/arm-none-eabi/7.3.1/../../../../arm-none-eabi/lib/thumb/v7-m\libc_nano.a
LOAD c:/st/stm32cubeide_1.0.2/stm32cubeide/plugins/com.st.stm32cube.ide.mcu.externaltools.gnu-tools-for-stm32.7-2018-q2-update.win32_1.0.0.201904181610/tools/bin/../lib/gcc/arm-none-eabi/7.3.1/../../../../arm-none-eabi/lib/thumb/v7-m\libnosys.a
END GROUP
LOAD c:/st/stm32cubeide_1.0.2/stm32cubeide/plugins/com.st.stm32cube.ide.mcu.externaltools.gnu-tools-for-stm32.7-2018-q2-update.win32_1.0.0.201904181610/tools/bin/../lib/gcc/arm-none-eabi/7.3.1/thumb/v7-m/crtend.o
LOAD c:/st/stm32cubeide_1.0.2/stm32cubeide/plugins/com.st.stm32cube.ide.mcu.externaltools.gnu-tools-for-stm32.7-2018-q2-update.win32_1.0.0.201904181610/tools/bin/../lib/gcc/arm-none-eabi/7.3.1/thumb/v7-m/crtn.o
                0x0000000020005000                _estack = 0x20005000
                0x0000000000000000                _Min_Heap_Size = 0x0
                0x0000000000000100                _Min_Stack_Size = 0x100

.isr_vector     0x0000000008000000      0x10c
                0x0000000008000000                . = ALIGN (0x4)
 *(.isr_vector)
 .isr_vector    0x0000000008000000      0x10c src/startup_stm32f10x_md.o
                0x0000000008000000                g_pfnVectors
                0x000000000800010c                . = ALIGN (0x4)

.text           0x000000000800010c      0xc4c
                0x000000000800010c                . = ALIGN (0x4)
 *(.text)
 .text          0x000000000800010c       0x40 c:/st/stm32cubeide_1.0.2/stm32cubeide/plugins/com.st.stm32cube.ide.mcu.externaltools.gnu-tools-for-stm32.7-2018-q2-update.win32_1.0.0.201904181610/tools/bin/../lib/gcc/arm-none-eabi/7.3.1/thumb/v7-m/crtbegin.o
 *(.text*)
 .text.NVIC_Init
                0x000000000800014c       0xc4 Libraries/STM32F10x_StdPeriph_Driver/src/misc.o
                0x000000000800014c                NVIC_Init
 .text.GPIO_Init
                0x0000000008000210      0x178 Libraries/STM32F10x_StdPeriph_Driver/src/stm32f10x_gpio.o
                0x0000000008000210                GPIO_Init
 .text.RCC_GetClocksFreq
                0x0000000008000388      0x160 Libraries/STM32F10x_StdPeriph_Driver/src/stm32f10x_rcc.o
                0x0000000008000388                RCC_GetClocksFreq
 .text.RCC_AHBPeriphClockCmd
                0x00000000080004e8       0x3c Libraries/STM32F10x_StdPeriph_Driver/src/stm32f10x_rcc.o
                0x00000000080004e8                RCC_AHBPeriphClockCmd
 .text.RCC_APB2PeriphClockCmd
                0x0000000008000524       0x3c Libraries/STM32F10x_StdPeriph_Driver/src/stm32f10x_rcc.o
                0x0000000008000524                RCC_APB2PeriphClockCmd
 .text.RCC_APB1PeriphClockCmd
                0x0000000008000560       0x3c Libraries/STM32F10x_StdPeriph_Driver/src/stm32f10x_rcc.o
                0x0000000008000560                RCC_APB1PeriphClockCmd
 .text.USART_Init
                0x000000000800059c      0x174 Libraries/STM32F10x_StdPeriph_Driver/src/stm32f10x_usart.o
                0x000000000800059c                USART_Init
 .text.USART_Cmd
                0x0000000008000710       0x3e Libraries/STM32F10x_StdPeriph_Driver/src/stm32f10x_usart.o
                0x0000000008000710                USART_Cmd
 .text.USART_ITConfig
                0x000000000800074e       0x8e Libraries/STM32F10x_StdPeriph_Driver/src/stm32f10x_usart.o
                0x000000000800074e                USART_ITConfig
 .text.USART_ReceiveData
                0x00000000080007dc       0x1e Libraries/STM32F10x_StdPeriph_Driver/src/stm32f10x_usart.o
                0x00000000080007dc                USART_ReceiveData
 .text.USART_GetITStatus
                0x00000000080007fa       0xb4 Libraries/STM32F10x_StdPeriph_Driver/src/stm32f10x_usart.o
                0x00000000080007fa                USART_GetITStatus
 .text.atraso_ms
                0x00000000080008ae       0x22 src/atraso.o
                0x00000000080008ae                atraso_ms
 .text.main     0x00000000080008d0       0x40 src/main.o
                0x00000000080008d0                main
 .text.Reset_Handler
                0x0000000008000910       0x50 src/startup_stm32f10x_md.o
                0x0000000008000910                Reset_Handler
 .text.Default_Handler
                0x0000000008000960        0x2 src/startup_stm32f10x_md.o
                0x0000000008000960                EXTI2_IRQHandler
                0x0000000008000960                TIM1_CC_IRQHandler
                0x0000000008000960                PVD_IRQHandler
                0x0000000008000960                EXTI3_IRQHandler
                0x0000000008000960                EXTI0_IRQHandler
                0x0000000008000960                I2C2_EV_IRQHandler
                0x0000000008000960                ADC1_2_IRQHandler
                0x0000000008000960                SPI1_IRQHandler
                0x0000000008000960                TAMPER_IRQHandler
                0x0000000008000960                DMA1_Channel4_IRQHandler
                0x0000000008000960                RTC_IRQHandler
                0x0000000008000960                DMA1_Channel7_IRQHandler
                0x0000000008000960                CAN1_RX1_IRQHandler
                0x0000000008000960                TIM4_IRQHandler
                0x0000000008000960                I2C1_EV_IRQHandler
                0x0000000008000960                DMA1_Channel6_IRQHandler
                0x0000000008000960                TIM3_IRQHandler
                0x0000000008000960                RCC_IRQHandler
                0x0000000008000960                TIM1_TRG_COM_IRQHandler
                0x0000000008000960                DMA1_Channel1_IRQHandler
                0x0000000008000960                Default_Handler
                0x0000000008000960                EXTI15_10_IRQHandler
                0x0000000008000960                EXTI9_5_IRQHandler
                0x0000000008000960                SPI2_IRQHandler
                0x0000000008000960                DMA1_Channel5_IRQHandler
                0x0000000008000960                EXTI4_IRQHandler
                0x0000000008000960                USB_LP_CAN1_RX0_IRQHandler
                0x0000000008000960                USB_HP_CAN1_TX_IRQHandler
                0x0000000008000960                DMA1_Channel3_IRQHandler
                0x0000000008000960                TIM1_UP_IRQHandler
                0x0000000008000960                WWDG_IRQHandler
                0x0000000008000960                TIM2_IRQHandler
                0x0000000008000960                TIM1_BRK_IRQHandler
                0x0000000008000960                EXTI1_IRQHandler
                0x0000000008000960                RTCAlarm_IRQHandler
                0x0000000008000960                USART2_IRQHandler
                0x0000000008000960                I2C2_ER_IRQHandler
                0x0000000008000960                DMA1_Channel2_IRQHandler
                0x0000000008000960                CAN1_SCE_IRQHandler
                0x0000000008000960                FLASH_IRQHandler
                0x0000000008000960                USART1_IRQHandler
                0x0000000008000960                I2C1_ER_IRQHandler
                0x0000000008000960                USBWakeUp_IRQHandler
 .text.NMI_Handler
                0x0000000008000962        0xc src/stm32f1xx_it.o
                0x0000000008000962                NMI_Handler
 .text.HardFault_Handler
                0x000000000800096e        0x6 src/stm32f1xx_it.o
                0x000000000800096e                HardFault_Handler
 .text.MemManage_Handler
                0x0000000008000974        0x6 src/stm32f1xx_it.o
                0x0000000008000974                MemManage_Handler
 .text.BusFault_Handler
                0x000000000800097a        0x6 src/stm32f1xx_it.o
                0x000000000800097a                BusFault_Handler
 .text.UsageFault_Handler
                0x0000000008000980        0x6 src/stm32f1xx_it.o
                0x0000000008000980                UsageFault_Handler
 .text.SVC_Handler
                0x0000000008000986        0xc src/stm32f1xx_it.o
                0x0000000008000986                SVC_Handler
 .text.DebugMon_Handler
                0x0000000008000992        0xc src/stm32f1xx_it.o
                0x0000000008000992                DebugMon_Handler
 .text.PendSV_Handler
                0x000000000800099e        0xc src/stm32f1xx_it.o
                0x000000000800099e                PendSV_Handler
 .text.SysTick_Handler
                0x00000000080009aa        0xc src/stm32f1xx_it.o
                0x00000000080009aa                SysTick_Handler
 *fill*         0x00000000080009b6        0x2 
 .text.SystemInit
                0x00000000080009b8       0x68 src/system_stm32f10x.o
                0x00000000080009b8                SystemInit
 .text.SetSysClock
                0x0000000008000a20        0xc src/system_stm32f10x.o
 .text.SetSysClockTo72
                0x0000000008000a2c      0x100 src/system_stm32f10x.o
 .text.USART_init
                0x0000000008000b2c       0xb0 src/usart.o
                0x0000000008000b2c                USART_init
 .text.USART3_IRQHandler
                0x0000000008000bdc       0x4c src/usart.o
                0x0000000008000bdc                USART3_IRQHandler
 .text.limpa_bufferRX_USART
                0x0000000008000c28       0x18 src/usart.o
                0x0000000008000c28                limpa_bufferRX_USART
 .text.return_nr_bytes_stored_bufferRx_USART
                0x0000000008000c40       0x14 src/usart.o
                0x0000000008000c40                return_nr_bytes_stored_bufferRx_USART
 .text.escreve_caracter_USART
                0x0000000008000c54       0x30 src/usart.o
                0x0000000008000c54                escreve_caracter_USART
 .text.escreve_msg_USART
                0x0000000008000c84       0x2a src/usart.o
                0x0000000008000c84                escreve_msg_USART
 *fill*         0x0000000008000cae        0x2 
 .text.escreve_bufferRX_USART
                0x0000000008000cb0       0x38 src/usart.o
                0x0000000008000cb0                escreve_bufferRX_USART
 .text.escreve_bufferRX_USART_limpa
                0x0000000008000ce8       0x10 src/usart.o
                0x0000000008000ce8                escreve_bufferRX_USART_limpa
 .text.__libc_init_array
                0x0000000008000cf8       0x48 c:/st/stm32cubeide_1.0.2/stm32cubeide/plugins/com.st.stm32cube.ide.mcu.externaltools.gnu-tools-for-stm32.7-2018-q2-update.win32_1.0.0.201904181610/tools/bin/../lib/gcc/arm-none-eabi/7.3.1/../../../../arm-none-eabi/lib/thumb/v7-m\libc_nano.a(lib_a-init.o)
                0x0000000008000cf8                __libc_init_array
 *(.glue_7)
 .glue_7        0x0000000008000d40        0x0 linker stubs
 *(.glue_7t)
 .glue_7t       0x0000000008000d40        0x0 linker stubs
 *(.eh_frame)
 .eh_frame      0x0000000008000d40        0x0 c:/st/stm32cubeide_1.0.2/stm32cubeide/plugins/com.st.stm32cube.ide.mcu.externaltools.gnu-tools-for-stm32.7-2018-q2-update.win32_1.0.0.201904181610/tools/bin/../lib/gcc/arm-none-eabi/7.3.1/thumb/v7-m/crtbegin.o
 *(.init)
 .init          0x0000000008000d40        0x4 c:/st/stm32cubeide_1.0.2/stm32cubeide/plugins/com.st.stm32cube.ide.mcu.externaltools.gnu-tools-for-stm32.7-2018-q2-update.win32_1.0.0.201904181610/tools/bin/../lib/gcc/arm-none-eabi/7.3.1/thumb/v7-m/crti.o
                0x0000000008000d40                _init
 .init          0x0000000008000d44        0x8 c:/st/stm32cubeide_1.0.2/stm32cubeide/plugins/com.st.stm32cube.ide.mcu.externaltools.gnu-tools-for-stm32.7-2018-q2-update.win32_1.0.0.201904181610/tools/bin/../lib/gcc/arm-none-eabi/7.3.1/thumb/v7-m/crtn.o
 *(.fini)
 .fini          0x0000000008000d4c        0x4 c:/st/stm32cubeide_1.0.2/stm32cubeide/plugins/com.st.stm32cube.ide.mcu.externaltools.gnu-tools-for-stm32.7-2018-q2-update.win32_1.0.0.201904181610/tools/bin/../lib/gcc/arm-none-eabi/7.3.1/thumb/v7-m/crti.o
                0x0000000008000d4c                _fini
 .fini          0x0000000008000d50        0x8 c:/st/stm32cubeide_1.0.2/stm32cubeide/plugins/com.st.stm32cube.ide.mcu.externaltools.gnu-tools-for-stm32.7-2018-q2-update.win32_1.0.0.201904181610/tools/bin/../lib/gcc/arm-none-eabi/7.3.1/thumb/v7-m/crtn.o
                0x0000000008000d58                . = ALIGN (0x4)
                0x0000000008000d58                _etext = .

.vfp11_veneer   0x0000000008000d58        0x0
 .vfp11_veneer  0x0000000008000d58        0x0 linker stubs

.v4_bx          0x0000000008000d58        0x0
 .v4_bx         0x0000000008000d58        0x0 linker stubs

.iplt           0x0000000008000d58        0x0
 .iplt          0x0000000008000d58        0x0 c:/st/stm32cubeide_1.0.2/stm32cubeide/plugins/com.st.stm32cube.ide.mcu.externaltools.gnu-tools-for-stm32.7-2018-q2-update.win32_1.0.0.201904181610/tools/bin/../lib/gcc/arm-none-eabi/7.3.1/thumb/v7-m/crtbegin.o

.rodata         0x0000000008000d58       0x10
                0x0000000008000d58                . = ALIGN (0x4)
 *(.rodata)
 .rodata        0x0000000008000d58        0xe src/main.o
 *(.rodata*)
                0x0000000008000d68                . = ALIGN (0x4)
 *fill*         0x0000000008000d66        0x2 

.rel.dyn        0x0000000008000d68        0x0
 .rel.iplt      0x0000000008000d68        0x0 c:/st/stm32cubeide_1.0.2/stm32cubeide/plugins/com.st.stm32cube.ide.mcu.externaltools.gnu-tools-for-stm32.7-2018-q2-update.win32_1.0.0.201904181610/tools/bin/../lib/gcc/arm-none-eabi/7.3.1/thumb/v7-m/crtbegin.o

.ARM.extab
 *(.ARM.extab* .gnu.linkonce.armextab.*)

.ARM            0x0000000008000d68        0x0
                0x0000000008000d68                __exidx_start = .
 *(.ARM.exidx*)
                0x0000000008000d68                __exidx_end = .

.preinit_array  0x0000000008000d68        0x0
                0x0000000008000d68                PROVIDE (__preinit_array_start = .)
 *(.preinit_array*)
                0x0000000008000d68                PROVIDE (__preinit_array_end = .)

.init_array     0x0000000008000d68        0x4
                0x0000000008000d68                PROVIDE (__init_array_start = .)
 *(SORT_BY_NAME(.init_array.*))
 *(.init_array*)
 .init_array    0x0000000008000d68        0x4 c:/st/stm32cubeide_1.0.2/stm32cubeide/plugins/com.st.stm32cube.ide.mcu.externaltools.gnu-tools-for-stm32.7-2018-q2-update.win32_1.0.0.201904181610/tools/bin/../lib/gcc/arm-none-eabi/7.3.1/thumb/v7-m/crtbegin.o
                0x0000000008000d6c                PROVIDE (__init_array_end = .)

.fini_array     0x0000000008000d6c        0x4
                [!provide]                        PROVIDE (__fini_array_start = .)
 *(SORT_BY_NAME(.fini_array.*))
 *(.fini_array*)
 .fini_array    0x0000000008000d6c        0x4 c:/st/stm32cubeide_1.0.2/stm32cubeide/plugins/com.st.stm32cube.ide.mcu.externaltools.gnu-tools-for-stm32.7-2018-q2-update.win32_1.0.0.201904181610/tools/bin/../lib/gcc/arm-none-eabi/7.3.1/thumb/v7-m/crtbegin.o
                [!provide]                        PROVIDE (__fini_array_end = .)
                0x0000000008000d70                _sidata = LOADADDR (.data)

.data           0x0000000020000000       0x14 load address 0x0000000008000d70
                0x0000000020000000                . = ALIGN (0x4)
                0x0000000020000000                _sdata = .
 *(.data)
 *(.data*)
 .data.APBAHBPrescTable
                0x0000000020000000       0x10 Libraries/STM32F10x_StdPeriph_Driver/src/stm32f10x_rcc.o
 .data.ADCPrescTable
                0x0000000020000010        0x4 Libraries/STM32F10x_StdPeriph_Driver/src/stm32f10x_rcc.o
                0x0000000020000014                . = ALIGN (0x4)
                0x0000000020000014                _edata = .

.igot.plt       0x0000000020000014        0x0 load address 0x0000000008000d84
 .igot.plt      0x0000000020000014        0x0 c:/st/stm32cubeide_1.0.2/stm32cubeide/plugins/com.st.stm32cube.ide.mcu.externaltools.gnu-tools-for-stm32.7-2018-q2-update.win32_1.0.0.201904181610/tools/bin/../lib/gcc/arm-none-eabi/7.3.1/thumb/v7-m/crtbegin.o
                0x0000000020000014                . = ALIGN (0x4)

.bss            0x0000000020000014       0x2c load address 0x0000000008000d84
                0x0000000020000014                _sbss = .
                0x0000000020000014                __bss_start__ = _sbss
 *(.bss)
 .bss           0x0000000020000014       0x1c c:/st/stm32cubeide_1.0.2/stm32cubeide/plugins/com.st.stm32cube.ide.mcu.externaltools.gnu-tools-for-stm32.7-2018-q2-update.win32_1.0.0.201904181610/tools/bin/../lib/gcc/arm-none-eabi/7.3.1/thumb/v7-m/crtbegin.o
 *(.bss*)
 .bss.contRX    0x0000000020000030        0x4 src/usart.o
                0x0000000020000030                contRX
 *(COMMON)
 COMMON         0x0000000020000034        0xa src/usart.o
                0x0000000020000034                bufferRX
                0x0000000020000040                . = ALIGN (0x4)
 *fill*         0x000000002000003e        0x2 
                0x0000000020000040                _ebss = .
                0x0000000020000040                __bss_end__ = _ebss

._user_heap_stack
                0x0000000020000040      0x100 load address 0x0000000008000d84
                0x0000000020000040                . = ALIGN (0x4)
                0x0000000020000040                PROVIDE (end = .)
                [!provide]                        PROVIDE (_end = .)
                0x0000000020000040                . = (. + _Min_Heap_Size)
                0x0000000020000140                . = (. + _Min_Stack_Size)
 *fill*         0x0000000020000040      0x100 
                0x0000000020000140                . = ALIGN (0x4)

.memory_b1_text
 *(.mb1text)
 *(.mb1text*)
 *(.mb1rodata)
 *(.mb1rodata*)

/DISCARD/
 libc.a(*)
 libm.a(*)
 libgcc.a(*)

.ARM.attributes
                0x0000000000000000       0x29
 *(.ARM.attributes)
 .ARM.attributes
                0x0000000000000000       0x1d c:/st/stm32cubeide_1.0.2/stm32cubeide/plugins/com.st.stm32cube.ide.mcu.externaltools.gnu-tools-for-stm32.7-2018-q2-update.win32_1.0.0.201904181610/tools/bin/../lib/gcc/arm-none-eabi/7.3.1/thumb/v7-m/crti.o
 .ARM.attributes
                0x000000000000001d       0x2d c:/st/stm32cubeide_1.0.2/stm32cubeide/plugins/com.st.stm32cube.ide.mcu.externaltools.gnu-tools-for-stm32.7-2018-q2-update.win32_1.0.0.201904181610/tools/bin/../lib/gcc/arm-none-eabi/7.3.1/thumb/v7-m/crtbegin.o
 .ARM.attributes
                0x000000000000004a       0x33 Libraries/STM32F10x_StdPeriph_Driver/src/misc.o
 .ARM.attributes
                0x000000000000007d       0x33 Libraries/STM32F10x_StdPeriph_Driver/src/stm32f10x_gpio.o
 .ARM.attributes
                0x00000000000000b0       0x33 Libraries/STM32F10x_StdPeriph_Driver/src/stm32f10x_rcc.o
 .ARM.attributes
                0x00000000000000e3       0x33 Libraries/STM32F10x_StdPeriph_Driver/src/stm32f10x_usart.o
 .ARM.attributes
                0x0000000000000116       0x33 src/atraso.o
 .ARM.attributes
                0x0000000000000149       0x33 src/main.o
 .ARM.attributes
                0x000000000000017c       0x21 src/startup_stm32f10x_md.o
 .ARM.attributes
                0x000000000000019d       0x33 src/stm32f1xx_it.o
 .ARM.attributes
                0x00000000000001d0       0x33 src/system_stm32f10x.o
 .ARM.attributes
                0x0000000000000203       0x33 src/usart.o
 .ARM.attributes
                0x0000000000000236       0x2d c:/st/stm32cubeide_1.0.2/stm32cubeide/plugins/com.st.stm32cube.ide.mcu.externaltools.gnu-tools-for-stm32.7-2018-q2-update.win32_1.0.0.201904181610/tools/bin/../lib/gcc/arm-none-eabi/7.3.1/../../../../arm-none-eabi/lib/thumb/v7-m\libc_nano.a(lib_a-init.o)
 .ARM.attributes
                0x0000000000000263       0x1d c:/st/stm32cubeide_1.0.2/stm32cubeide/plugins/com.st.stm32cube.ide.mcu.externaltools.gnu-tools-for-stm32.7-2018-q2-update.win32_1.0.0.201904181610/tools/bin/../lib/gcc/arm-none-eabi/7.3.1/thumb/v7-m/crtn.o
OUTPUT(UART_teste.elf elf32-littlearm)

.debug_info     0x0000000000000000     0x45e2
 .debug_info    0x0000000000000000      0x54d Libraries/STM32F10x_StdPeriph_Driver/src/misc.o
 .debug_info    0x000000000000054d      0x701 Libraries/STM32F10x_StdPeriph_Driver/src/stm32f10x_gpio.o
 .debug_info    0x0000000000000c4e      0x8b2 Libraries/STM32F10x_StdPeriph_Driver/src/stm32f10x_rcc.o
 .debug_info    0x0000000000001500      0x9fb Libraries/STM32F10x_StdPeriph_Driver/src/stm32f10x_usart.o
 .debug_info    0x0000000000001efb      0x93c src/atraso.o
 .debug_info    0x0000000000002837      0x8e9 src/main.o
 .debug_info    0x0000000000003120       0x82 src/startup_stm32f10x_md.o
 .debug_info    0x00000000000031a2      0x154 src/stm32f1xx_it.o
 .debug_info    0x00000000000032f6      0x4a7 src/system_stm32f10x.o
 .debug_info    0x000000000000379d      0xe45 src/usart.o

.debug_abbrev   0x0000000000000000      0xe5b
 .debug_abbrev  0x0000000000000000      0x172 Libraries/STM32F10x_StdPeriph_Driver/src/misc.o
 .debug_abbrev  0x0000000000000172      0x1dd Libraries/STM32F10x_StdPeriph_Driver/src/stm32f10x_gpio.o
 .debug_abbrev  0x000000000000034f      0x1cf Libraries/STM32F10x_StdPeriph_Driver/src/stm32f10x_rcc.o
 .debug_abbrev  0x000000000000051e      0x18f Libraries/STM32F10x_StdPeriph_Driver/src/stm32f10x_usart.o
 .debug_abbrev  0x00000000000006ad      0x1a1 src/atraso.o
 .debug_abbrev  0x000000000000084e      0x17a src/main.o
 .debug_abbrev  0x00000000000009c8       0x12 src/startup_stm32f10x_md.o
 .debug_abbrev  0x00000000000009da       0x78 src/stm32f1xx_it.o
 .debug_abbrev  0x0000000000000a52      0x16e src/system_stm32f10x.o
 .debug_abbrev  0x0000000000000bc0      0x29b src/usart.o

.debug_aranges  0x0000000000000000      0x470
 .debug_aranges
                0x0000000000000000       0x40 Libraries/STM32F10x_StdPeriph_Driver/src/misc.o
 .debug_aranges
                0x0000000000000040       0xa8 Libraries/STM32F10x_StdPeriph_Driver/src/stm32f10x_gpio.o
 .debug_aranges
                0x00000000000000e8      0x118 Libraries/STM32F10x_StdPeriph_Driver/src/stm32f10x_rcc.o
 .debug_aranges
                0x0000000000000200      0x100 Libraries/STM32F10x_StdPeriph_Driver/src/stm32f10x_usart.o
 .debug_aranges
                0x0000000000000300       0x30 src/atraso.o
 .debug_aranges
                0x0000000000000330       0x20 src/main.o
 .debug_aranges
                0x0000000000000350       0x28 src/startup_stm32f10x_md.o
 .debug_aranges
                0x0000000000000378       0x60 src/stm32f1xx_it.o
 .debug_aranges
                0x00000000000003d8       0x38 src/system_stm32f10x.o
 .debug_aranges
                0x0000000000000410       0x60 src/usart.o

.debug_ranges   0x0000000000000000      0x3d8
 .debug_ranges  0x0000000000000000       0x30 Libraries/STM32F10x_StdPeriph_Driver/src/misc.o
 .debug_ranges  0x0000000000000030       0x98 Libraries/STM32F10x_StdPeriph_Driver/src/stm32f10x_gpio.o
 .debug_ranges  0x00000000000000c8      0x108 Libraries/STM32F10x_StdPeriph_Driver/src/stm32f10x_rcc.o
 .debug_ranges  0x00000000000001d0       0xf0 Libraries/STM32F10x_StdPeriph_Driver/src/stm32f10x_usart.o
 .debug_ranges  0x00000000000002c0       0x20 src/atraso.o
 .debug_ranges  0x00000000000002e0       0x10 src/main.o
 .debug_ranges  0x00000000000002f0       0x20 src/startup_stm32f10x_md.o
 .debug_ranges  0x0000000000000310       0x50 src/stm32f1xx_it.o
 .debug_ranges  0x0000000000000360       0x28 src/system_stm32f10x.o
 .debug_ranges  0x0000000000000388       0x50 src/usart.o

.debug_line     0x0000000000000000     0x1cc3
 .debug_line    0x0000000000000000      0x25c Libraries/STM32F10x_StdPeriph_Driver/src/misc.o
 .debug_line    0x000000000000025c      0x3e9 Libraries/STM32F10x_StdPeriph_Driver/src/stm32f10x_gpio.o
 .debug_line    0x0000000000000645      0x4e4 Libraries/STM32F10x_StdPeriph_Driver/src/stm32f10x_rcc.o
 .debug_line    0x0000000000000b29      0x4cb Libraries/STM32F10x_StdPeriph_Driver/src/stm32f10x_usart.o
 .debug_line    0x0000000000000ff4      0x24d src/atraso.o
 .debug_line    0x0000000000001241      0x22f src/main.o
 .debug_line    0x0000000000001470       0x7c src/startup_stm32f10x_md.o
 .debug_line    0x00000000000014ec      0x230 src/stm32f1xx_it.o
 .debug_line    0x000000000000171c      0x24a src/system_stm32f10x.o
 .debug_line    0x0000000000001966      0x35d src/usart.o

.debug_str      0x0000000000000000     0x194e
 .debug_str     0x0000000000000000      0x3ec Libraries/STM32F10x_StdPeriph_Driver/src/misc.o
                                        0x439 (size before relaxing)
 .debug_str     0x00000000000003ec      0x393 Libraries/STM32F10x_StdPeriph_Driver/src/stm32f10x_gpio.o
                                        0x594 (size before relaxing)
 .debug_str     0x000000000000077f      0x44d Libraries/STM32F10x_StdPeriph_Driver/src/stm32f10x_rcc.o
                                        0x695 (size before relaxing)
 .debug_str     0x0000000000000bcc      0x43e Libraries/STM32F10x_StdPeriph_Driver/src/stm32f10x_usart.o
                                        0x70b (size before relaxing)
 .debug_str     0x000000000000100a      0x427 src/atraso.o
                                        0x618 (size before relaxing)
 .debug_str     0x0000000000001431       0x13 src/main.o
                                        0x5f4 (size before relaxing)
 .debug_str     0x0000000000001444       0xa6 src/stm32f1xx_it.o
                                        0x25a (size before relaxing)
 .debug_str     0x00000000000014ea       0x7b src/system_stm32f10x.o
                                        0x336 (size before relaxing)
 .debug_str     0x0000000000001565      0x3e9 src/usart.o
                                        0xc74 (size before relaxing)

.comment        0x0000000000000000       0x7c
 .comment       0x0000000000000000       0x7c Libraries/STM32F10x_StdPeriph_Driver/src/misc.o
                                         0x7d (size before relaxing)
 .comment       0x000000000000007c       0x7d Libraries/STM32F10x_StdPeriph_Driver/src/stm32f10x_gpio.o
 .comment       0x000000000000007c       0x7d Libraries/STM32F10x_StdPeriph_Driver/src/stm32f10x_rcc.o
 .comment       0x000000000000007c       0x7d Libraries/STM32F10x_StdPeriph_Driver/src/stm32f10x_usart.o
 .comment       0x000000000000007c       0x7d src/atraso.o
 .comment       0x000000000000007c       0x7d src/main.o
 .comment       0x000000000000007c       0x7d src/stm32f1xx_it.o
 .comment       0x000000000000007c       0x7d src/system_stm32f10x.o
 .comment       0x000000000000007c       0x7d src/usart.o

.debug_frame    0x0000000000000000     0x10f4
 .debug_frame   0x0000000000000000       0xd8 Libraries/STM32F10x_StdPeriph_Driver/src/misc.o
 .debug_frame   0x00000000000000d8      0x2d0 Libraries/STM32F10x_StdPeriph_Driver/src/stm32f10x_gpio.o
 .debug_frame   0x00000000000003a8      0x4f4 Libraries/STM32F10x_StdPeriph_Driver/src/stm32f10x_rcc.o
 .debug_frame   0x000000000000089c      0x490 Libraries/STM32F10x_StdPeriph_Driver/src/stm32f10x_usart.o
 .debug_frame   0x0000000000000d2c       0x88 src/atraso.o
 .debug_frame   0x0000000000000db4       0x2c src/main.o
 .debug_frame   0x0000000000000de0      0x110 src/stm32f1xx_it.o
 .debug_frame   0x0000000000000ef0       0x98 src/system_stm32f10x.o
 .debug_frame   0x0000000000000f88      0x140 src/usart.o
 .debug_frame   0x00000000000010c8       0x2c c:/st/stm32cubeide_1.0.2/stm32cubeide/plugins/com.st.stm32cube.ide.mcu.externaltools.gnu-tools-for-stm32.7-2018-q2-update.win32_1.0.0.201904181610/tools/bin/../lib/gcc/arm-none-eabi/7.3.1/../../../../arm-none-eabi/lib/thumb/v7-m\libc_nano.a(lib_a-init.o)
